[2026-04-19T00:10:51Z] === ENRICH ITERATION 8 START | repo=eslint/eslint sha=db403766 ===
[2026-04-19T00:10:51Z] [iter=8] PHASE START: enrich repo=eslint/eslint sha=db403766 runlog=/home/runner/work/forx/forx/storage/aggregate/lsp/logs/db403766-enrich-iter-008.log output=/home/runner/work/forx/forx/storage/aggregate/lsp/db40376637554d10d7b648588338fd796407885e.nq.gz
[2026-04-19T00:11:37Z] [iter=8] Step 1: Loading AST into disk-backed store mem_mb=79 MB
[2026-04-19T00:12:59Z] [iter=8] AST store loaded triples=8615566 load_secs=78 mem_mb=1057 MB
[2026-04-19T00:12:59Z] [iter=8] Step 2: Finding LSP targets mem_mb=1057 MB
[2026-04-19T00:13:02Z] [iter=8] LSP targets found call_sites=39555 imports=0 extends=7 implements=0 secs=3
[2026-04-19T00:13:07Z] [iter=8] Loaded checkpoint partial graph triples=135774
[2026-04-19T00:13:08Z] [iter=8] Step 2.7: Building position index (one-shot, shared across resolvers) mem_mb=1057 MB
[2026-04-19T00:13:52Z] [iter=8] Position index built positions=626508 nodes_with_types=675466 secs=45 mem_mb=1645 MB
[2026-04-19T00:13:52Z] [iter=8] Step 3: Starting LSP resolution mem_mb=1645 MB already_completed_types=[] already_completed_files=298
[2026-04-19T00:13:52Z] [iter=8] Resolving target type target_type=call_site count=39555
[2026-04-19T00:13:53Z] [iter=8] HEARTBEAT target_type=call_site elapsed_min=3.0 files_done=0 resolved=0 errors=0 current=lib/rules/sort-keys.js
[2026-04-19T00:14:43Z] [iter=8] HEARTBEAT target_type=call_site elapsed_min=3.9 files_done=1 resolved=0 errors=14 current=lib/rules/no-multi-spaces.js
[2026-04-19T00:15:25Z] [iter=8] HEARTBEAT target_type=call_site elapsed_min=4.6 files_done=2 resolved=3 errors=26 current=tests/fixtures/code-path-analysis/logical--for-mix-1.js
[2026-04-19T00:16:53Z] [iter=8] HEARTBEAT target_type=call_site elapsed_min=6.0 files_done=4 resolved=3 errors=51 current=tools/internal-rules/no-invalid-meta.js
[2026-04-19T00:17:35Z] [iter=8] HEARTBEAT target_type=call_site elapsed_min=6.7 files_done=5 resolved=5 errors=63 current=lib/rules/dot-notation.js
[2026-04-19T00:19:00Z] [iter=8] HEARTBEAT target_type=call_site elapsed_min=8.1 files_done=6 resolved=9 errors=87 current=lib/rules/space-unary-ops.js
[2026-04-19T00:21:03Z] [iter=8] HEARTBEAT target_type=call_site elapsed_min=10.2 files_done=7 resolved=10 errors=122 current=tests/lib/rules/array-element-newline.js
[2026-04-19T00:21:45Z] [iter=8] HEARTBEAT target_type=call_site elapsed_min=10.9 files_done=9 resolved=10 errors=134 current=tests/lib/rules/no-underscore-dangle.js
[2026-04-19T00:22:55Z] [iter=8] HEARTBEAT target_type=call_site elapsed_min=12.1 files_done=11 resolved=10 errors=154 current=lib/rules/no-bitwise.js
[2026-04-19T00:23:44Z] [iter=8] HEARTBEAT target_type=call_site elapsed_min=12.9 files_done=13 resolved=10 errors=168 current=lib/rules/no-negated-condition.js
[2026-04-19T00:24:44Z] [iter=8] HEARTBEAT target_type=call_site elapsed_min=13.9 files_done=15 resolved=10 errors=185 current=tests/lib/rules/no-new-wrappers.js
[2026-04-19T00:27:56Z] [iter=8] HEARTBEAT target_type=call_site elapsed_min=17.1 files_done=19 resolved=14 errors=240 current=tests/lib/rules/curly.js
[2026-04-19T00:29:24Z] [iter=8] HEARTBEAT target_type=call_site elapsed_min=18.5 files_done=21 resolved=17 errors=265 current=lib/rules/no-prototype-builtins.js
[2026-04-19T00:30:13Z] [iter=8] HEARTBEAT target_type=call_site elapsed_min=19.4 files_done=24 resolved=18 errors=279 current=lib/rules/no-self-compare.js
[2026-04-19T00:32:33Z] [iter=8] HEARTBEAT target_type=call_site elapsed_min=21.7 files_done=26 resolved=18 errors=319 current=lib/rules/no-unexpected-multiline.js
[2026-04-19T00:33:15Z] [iter=8] HEARTBEAT target_type=call_site elapsed_min=22.4 files_done=27 resolved=18 errors=331 current=tests/lib/rules/global-require.js
[2026-04-19T00:35:08Z] [iter=8] HEARTBEAT target_type=call_site elapsed_min=24.3 files_done=30 resolved=19 errors=363 current=lib/rules/no-extra-boolean-cast.js
[2026-04-19T00:37:46Z] [iter=8] HEARTBEAT target_type=call_site elapsed_min=26.9 files_done=31 resolved=20 errors=408 current=tests/lib/rules/max-lines-per-function.js
[2026-04-19T00:38:53Z] [iter=8] HEARTBEAT target_type=call_site elapsed_min=28.0 files_done=33 resolved=20 errors=427 current=lib/rules/constructor-super.js
[2026-04-19T00:40:24Z] [iter=8] HEARTBEAT target_type=call_site elapsed_min=29.6 files_done=34 resolved=23 errors=453 current=lib/rules/arrow-spacing.js
[2026-04-19T00:41:14Z] [iter=8] HEARTBEAT target_type=call_site elapsed_min=30.4 files_done=35 resolved=24 errors=467 current=lib/rules/prefer-exponentiation-operator.js
[2026-04-19T00:42:56Z] [iter=8] HEARTBEAT target_type=call_site elapsed_min=32.1 files_done=36 resolved=24 errors=496 current=tests/lib/rules/capitalized-comments.js
[2026-04-19T00:44:23Z] [iter=8] HEARTBEAT target_type=call_site elapsed_min=33.5 files_done=38 resolved=28 errors=521 current=lib/rules/operator-assignment.js
[2026-04-19T00:46:33Z] [iter=8] HEARTBEAT target_type=call_site elapsed_min=35.7 files_done=39 resolved=28 errors=558 current=lib/rules/template-curly-spacing.js
[2026-04-19T00:47:43Z] [iter=8] HEARTBEAT target_type=call_site elapsed_min=36.9 files_done=40 resolved=28 errors=578 current=lib/rules/quotes.js
[2026-04-19T00:49:00Z] [iter=8] HEARTBEAT target_type=call_site elapsed_min=38.1 files_done=41 resolved=31 errors=600 current=lib/rules/no-console.js
[2026-04-19T00:49:32Z] [iter=8] HEARTBEAT target_type=call_site elapsed_min=38.7 files_done=42 resolved=31 errors=609 current=lib/rules/lines-around-directive.js
[2026-04-19T00:50:56Z] [iter=8] HEARTBEAT target_type=call_site elapsed_min=40.1 files_done=43 resolved=31 errors=633 current=lib/rules/new-parens.js
[2026-04-19T00:51:41Z] [iter=8] HEARTBEAT target_type=call_site elapsed_min=40.8 files_done=44 resolved=31 errors=646 current=tests/lib/api.js
[2026-04-19T00:52:34Z] [iter=8] HEARTBEAT target_type=call_site elapsed_min=41.7 files_done=46 resolved=31 errors=661 current=tests/lib/rules/computed-property-spacing.js
[2026-04-19T00:54:41Z] [iter=8] HEARTBEAT target_type=call_site elapsed_min=43.8 files_done=48 resolved=32 errors=697 current=lib/linter/rules.js
[2026-04-19T00:57:04Z] [iter=8] HEARTBEAT target_type=call_site elapsed_min=46.2 files_done=52 resolved=38 errors=738 current=lib/rules/no-restricted-modules.js
[2026-04-19T00:57:54Z] [iter=8] HEARTBEAT target_type=call_site elapsed_min=47.0 files_done=53 resolved=43 errors=752 current=lib/rules/no-duplicate-case.js
[2026-04-19T00:59:11Z] [iter=8] HEARTBEAT target_type=call_site elapsed_min=48.3 files_done=57 resolved=43 errors=774 current=tests/_utils/index.js
[2026-04-19T01:00:01Z] [iter=8] HEARTBEAT target_type=call_site elapsed_min=49.2 files_done=58 resolved=46 errors=788 current=lib/rules/comma-style.js
[2026-04-19T01:02:40Z] [iter=8] HEARTBEAT target_type=call_site elapsed_min=51.8 files_done=59 resolved=48 errors=833 current=lib/rules/array-element-newline.js
[2026-04-19T01:04:33Z] [iter=8] HEARTBEAT target_type=call_site elapsed_min=53.7 files_done=60 resolved=49 errors=865 current=lib/rules/newline-before-return.js
[2026-04-19T01:05:44Z] [iter=8] HEARTBEAT target_type=call_site elapsed_min=54.9 files_done=61 resolved=50 errors=885 current=tests/fixtures/testers/rule-tester/no-var.js
[2026-04-19T01:06:30Z] [iter=8] HEARTBEAT target_type=call_site elapsed_min=55.6 files_done=64 resolved=52 errors=898 current=tests/lib/rules/no-extra-bind.js
[2026-04-19T01:07:37Z] [iter=8] HEARTBEAT target_type=call_site elapsed_min=56.8 files_done=67 resolved=54 errors=917 current=lib/rules/id-match.js
[2026-04-19T01:09:25Z] [iter=8] HEARTBEAT target_type=call_site elapsed_min=58.6 files_done=68 resolved=54 errors=948 current=lib/source-code/source-code.js
[2026-04-19T01:12:11Z] [iter=8] HEARTBEAT target_type=call_site elapsed_min=61.3 files_done=69 resolved=57 errors=995 current=tests/fixtures/code-path-analysis/assignment--if-qq-2.js
[2026-04-19T01:13:00Z] [iter=8] HEARTBEAT target_type=call_site elapsed_min=62.1 files_done=73 resolved=57 errors=1009 current=lib/rules/comma-spacing.js
[2026-04-19T01:14:25Z] [iter=8] HEARTBEAT target_type=call_site elapsed_min=63.6 files_done=74 resolved=57 errors=1033 current=tests/lib/rules/require-await.js
[2026-04-19T01:15:10Z] [iter=8] HEARTBEAT target_type=call_site elapsed_min=64.3 files_done=76 resolved=61 errors=1046 current=lib/rules/semi-spacing.js
[2026-04-19T01:17:17Z] [iter=8] HEARTBEAT target_type=call_site elapsed_min=66.4 files_done=77 resolved=61 errors=1082 current=tests/fixtures/rules/indent-legacy/indent-invalid-fixture-1.js
[2026-04-19T01:21:11Z] [iter=8] HEARTBEAT target_type=call_site elapsed_min=70.3 files_done=78 resolved=61 errors=1149 current=lib/linter/code-path-analysis/fork-context.js
[2026-04-19T01:22:27Z] [iter=8] HEARTBEAT target_type=call_site elapsed_min=71.6 files_done=79 resolved=61 errors=1171 current=tools/update-rule-types.js
[2026-04-19T01:23:16Z] [iter=8] HEARTBEAT target_type=call_site elapsed_min=72.4 files_done=80 resolved=61 errors=1185 current=lib/rules/no-param-reassign.js
[2026-04-19T01:23:54Z] [iter=8] HEARTBEAT target_type=call_site elapsed_min=73.0 files_done=81 resolved=61 errors=1196 current=lib/rules/no-invalid-regexp.js
[2026-04-19T01:24:43Z] [iter=8] HEARTBEAT target_type=call_site elapsed_min=73.9 files_done=82 resolved=61 errors=1210 current=tests/lib/cli-engine/formatters/visualstudio.js
[2026-04-19T01:25:32Z] [iter=8] HEARTBEAT target_type=call_site elapsed_min=74.7 files_done=83 resolved=61 errors=1224 current=lib/rules/no-control-regex.js
[2026-04-19T01:27:09Z] [iter=8] HEARTBEAT target_type=call_site elapsed_min=76.3 files_done=85 resolved=68 errors=1252 current=tests/fixtures/testers/rule-tester/modify-ast-at-last.js
[2026-04-19T01:27:58Z] [iter=8] HEARTBEAT target_type=call_site elapsed_min=77.1 files_done=90 resolved=68 errors=1266 current=tests/fixtures/parsers/no-line-error.js
[2026-04-19T01:28:33Z] [iter=8] HEARTBEAT target_type=call_site elapsed_min=77.7 files_done=95 resolved=68 errors=1276 current=tests/lib/rules/no-nonoctal-decimal-escape.js
[2026-04-19T01:31:41Z] [iter=8] HEARTBEAT target_type=call_site elapsed_min=80.8 files_done=96 resolved=68 errors=1330 current=tests/lib/rules/wrap-regex.js
[2026-04-19T01:32:20Z] [iter=8] HEARTBEAT target_type=call_site elapsed_min=81.5 files_done=98 resolved=68 errors=1341 current=tests/lib/rules/radix.js
[2026-04-19T01:33:54Z] [iter=8] HEARTBEAT target_type=call_site elapsed_min=83.0 files_done=101 resolved=68 errors=1368 current=tests/lib/rules/no-unexpected-multiline.js
[2026-04-19T01:37:31Z] [iter=8] HEARTBEAT target_type=call_site elapsed_min=86.7 files_done=103 resolved=68 errors=1430 current=tools/internal-rules/multiline-comment-style.js
[2026-04-19T01:38:48Z] [iter=8] HEARTBEAT target_type=call_site elapsed_min=87.9 files_done=106 resolved=73 errors=1452 current=tests/fixtures/code-path-analysis/for--continue-always.js
[2026-04-19T01:39:19Z] [iter=8] HEARTBEAT target_type=call_site elapsed_min=88.5 files_done=110 resolved=74 errors=1461 current=tests/lib/rules/no-whitespace-before-property.js
[2026-04-19T01:39:55Z] [iter=8] HEARTBEAT target_type=call_site elapsed_min=89.1 files_done=114 resolved=74 errors=1471 current=lib/rules/default-case.js
[2026-04-19T01:40:26Z] [iter=8] HEARTBEAT target_type=call_site elapsed_min=89.6 files_done=116 resolved=74 errors=1480 current=tests/lib/rules/no-empty-function.js
[2026-04-19T01:40:57Z] [iter=8] HEARTBEAT target_type=call_site elapsed_min=90.1 files_done=117 resolved=75 errors=1489 current=lib/rules/no-floating-decimal.js
[2026-04-19T01:41:29Z] [iter=8] HEARTBEAT target_type=call_site elapsed_min=90.6 files_done=118 resolved=75 errors=1498 current=tests/fixtures/code-path-analysis/logical--while-and-2.js
[2026-04-19T01:42:00Z] [iter=8] HEARTBEAT target_type=call_site elapsed_min=91.1 files_done=120 resolved=77 errors=1507 current=tests/lib/rules/no-useless-concat.js
[2026-04-19T01:43:45Z] [iter=8] HEARTBEAT target_type=call_site elapsed_min=92.9 files_done=122 resolved=78 errors=1537 current=tests/lib/rules/max-lines.js
[2026-04-19T01:44:38Z] [iter=8] HEARTBEAT target_type=call_site elapsed_min=93.8 files_done=126 resolved=78 errors=1552 current=tests/fixtures/rules/dir2/no-literals.js
[2026-04-19T01:45:09Z] [iter=8] HEARTBEAT target_type=call_site elapsed_min=94.3 files_done=129 resolved=78 errors=1561 current=tests/lib/rules/no-magic-numbers.js
[2026-04-19T01:46:09Z] [iter=8] HEARTBEAT target_type=call_site elapsed_min=95.3 files_done=131 resolved=78 errors=1578 current=lib/rules/multiline-ternary.js
[2026-04-19T01:47:50Z] [iter=8] HEARTBEAT target_type=call_site elapsed_min=97.0 files_done=132 resolved=78 errors=1607 current=tests/lib/rules/no-redeclare.js
[2026-04-19T01:49:34Z] [iter=8] HEARTBEAT target_type=call_site elapsed_min=98.7 files_done=134 resolved=85 errors=1637 current=lib/cli-engine/xml-escape.js
[2026-04-19T01:50:27Z] [iter=8] HEARTBEAT target_type=call_site elapsed_min=99.6 files_done=138 resolved=85 errors=1652 current=tests/lib/rules/no-restricted-exports.js
[2026-04-19T01:51:05Z] [iter=8] HEARTBEAT target_type=call_site elapsed_min=100.2 files_done=140 resolved=85 errors=1663 current=lib/rules/no-trailing-spaces.js
[2026-04-19T01:51:57Z] [iter=8] HEARTBEAT target_type=call_site elapsed_min=101.1 files_done=141 resolved=85 errors=1678 current=lib/rules/no-setter-return.js
[2026-04-19T01:52:57Z] [iter=8] HEARTBEAT target_type=call_site elapsed_min=102.1 files_done=142 resolved=85 errors=1695 current=tests/lib/rules/no-sequences.js
[2026-04-19T01:54:14Z] [iter=8] HEARTBEAT target_type=call_site elapsed_min=103.4 files_done=143 resolved=85 errors=1717 current=lib/rules/no-multi-str.js
[2026-04-19T01:54:59Z] [iter=8] HEARTBEAT target_type=call_site elapsed_min=104.1 files_done=145 resolved=85 errors=1730 current=lib/rules/rest-spread-spacing.js
[2026-04-19T01:55:31Z] [iter=8] HEARTBEAT target_type=call_site elapsed_min=104.7 files_done=147 resolved=85 errors=1739 current=tests/lib/rules/space-in-parens.js
[2026-04-19T01:56:27Z] [iter=8] HEARTBEAT target_type=call_site elapsed_min=105.6 files_done=151 resolved=85 errors=1755 current=tests/fixtures/parsers/enhanced-parser3.js
[2026-04-19T01:57:19Z] [iter=8] HEARTBEAT target_type=call_site elapsed_min=106.5 files_done=153 resolved=85 errors=1770 current=tests/lib/rules/space-before-blocks.js
[2026-04-19T01:57:51Z] [iter=8] HEARTBEAT target_type=call_site elapsed_min=107.0 files_done=155 resolved=85 errors=1779 current=lib/source-code/token-store/utils.js
[2026-04-19T01:59:04Z] [iter=8] HEARTBEAT target_type=call_site elapsed_min=108.2 files_done=160 resolved=85 errors=1800 current=lib/cli-engine/formatters/jslint-xml.js
[2026-04-19T01:59:39Z] [iter=8] HEARTBEAT target_type=call_site elapsed_min=108.8 files_done=163 resolved=85 errors=1810 current=lib/rules/valid-typeof.js
[2026-04-19T02:00:10Z] [iter=8] HEARTBEAT target_type=call_site elapsed_min=109.3 files_done=165 resolved=85 errors=1819 current=tests/fixtures/code-path-analysis/try--try-finally-3.js
[2026-04-19T02:01:17Z] [iter=8] HEARTBEAT target_type=call_site elapsed_min=110.4 files_done=169 resolved=86 errors=1838 current=tests/lib/rules/no-invalid-this.js
[2026-04-19T02:01:48Z] [iter=8] HEARTBEAT target_type=call_site elapsed_min=110.9 files_done=172 resolved=86 errors=1847 current=tests/fixtures/lint-result-cache/test-with-errors.js
[2026-04-19T02:03:37Z] [iter=8] HEARTBEAT target_type=call_site elapsed_min=112.8 files_done=179 resolved=88 errors=1878 current=tests/fixtures/code-path-analysis/for--simple-no-test.js
[2026-04-19T02:04:18Z] [iter=8] HEARTBEAT target_type=call_site elapsed_min=113.5 files_done=181 resolved=89 errors=1890 current=tests/lib/rules/newline-before-return.js
[2026-04-19T02:04:53Z] [iter=8] HEARTBEAT target_type=call_site elapsed_min=114.0 files_done=184 resolved=89 errors=1900 current=lib/rules/prefer-numeric-literals.js
[2026-04-19T02:05:49Z] [iter=8] HEARTBEAT target_type=call_site elapsed_min=115.0 files_done=185 resolved=90 errors=1916 current=tests/lib/rules/max-statements-per-line.js
[2026-04-19T02:06:45Z] [iter=8] HEARTBEAT target_type=call_site elapsed_min=115.9 files_done=187 resolved=90 errors=1932 current=tests/fixtures/code-path-analysis/try--try-catch-2.js
[2026-04-19T02:08:57Z] [iter=8] HEARTBEAT target_type=call_site elapsed_min=118.1 files_done=193 resolved=90 errors=1970 current=tests/fixtures/code-path-analysis/for--break-label.js
[2026-04-19T02:10:21Z] [iter=8] HEARTBEAT target_type=call_site elapsed_min=119.5 files_done=200 resolved=90 errors=1994 current=tests/lib/rules/no-extra-label.js
[2026-04-19T02:11:00Z] [iter=8] HEARTBEAT target_type=call_site elapsed_min=120.1 files_done=203 resolved=90 errors=2005 current=tests/lib/rules/no-empty-pattern.js
[2026-04-19T02:11:57Z] [iter=8] HEARTBEAT target_type=call_site elapsed_min=121.1 files_done=206 resolved=90 errors=2021 current=lib/shared/deprecation-warnings.js
[2026-04-19T02:13:56Z] [iter=8] HEARTBEAT target_type=call_site elapsed_min=123.1 files_done=211 resolved=94 errors=2055 current=tests/lib/rules/sort-vars.js
[2026-04-19T02:14:32Z] [iter=8] HEARTBEAT target_type=call_site elapsed_min=123.7 files_done=214 resolved=94 errors=2065 current=tests/lib/rules/no-inner-declarations.js
[2026-04-19T02:15:20Z] [iter=8] HEARTBEAT target_type=call_site elapsed_min=124.5 files_done=217 resolved=96 errors=2079 current=lib/rules/no-implicit-globals.js
[2026-04-19T02:16:02Z] [iter=8] HEARTBEAT target_type=call_site elapsed_min=125.2 files_done=218 resolved=96 errors=2091 current=tests/fixtures/config-hierarchy/broken/wrong-quotes.js
[2026-04-19T02:17:09Z] [iter=8] HEARTBEAT target_type=call_site elapsed_min=126.3 files_done=223 resolved=96 errors=2110 current=tests/lib/rules/no-import-assign.js
[2026-04-19T02:18:18Z] [iter=8] HEARTBEAT target_type=call_site elapsed_min=127.4 files_done=227 resolved=96 errors=2130 current=tests/lib/rules/object-shorthand.js
[2026-04-19T02:18:50Z] [iter=8] HEARTBEAT target_type=call_site elapsed_min=128.0 files_done=234 resolved=98 errors=2139 current=lib/rules/no-obj-calls.js
[2026-04-19T02:19:25Z] [iter=8] HEARTBEAT target_type=call_site elapsed_min=128.6 files_done=236 resolved=100 errors=2149 current=tests/lib/rules/space-unary-ops.js
[2026-04-19T02:20:03Z] [iter=8] HEARTBEAT target_type=call_site elapsed_min=129.2 files_done=238 resolved=101 errors=2160 current=lib/rules/no-spaced-func.js
[2026-04-19T02:21:16Z] [iter=8] HEARTBEAT target_type=call_site elapsed_min=130.4 files_done=240 resolved=101 errors=2181 current=tests/lib/rules/no-constructor-return.js
[2026-04-19T02:21:48Z] [iter=8] HEARTBEAT target_type=call_site elapsed_min=130.9 files_done=245 resolved=101 errors=2190 current=tests/lib/rules/class-methods-use-this.js
[2026-04-19T02:22:26Z] [iter=8] HEARTBEAT target_type=call_site elapsed_min=131.6 files_done=252 resolved=108 errors=2201 current=lib/source-code/token-store/forward-token-cursor.js
[2026-04-19T02:23:05Z] [iter=8] HEARTBEAT target_type=call_site elapsed_min=132.2 files_done=256 resolved=108 errors=2212 current=lib/rules/wrap-regex.js
[2026-04-19T02:23:51Z] [iter=8] HEARTBEAT target_type=call_site elapsed_min=133.0 files_done=259 resolved=109 errors=2225 current=lib/rules/no-lone-blocks.js
[2026-04-19T02:24:40Z] [iter=8] HEARTBEAT target_type=call_site elapsed_min=133.8 files_done=260 resolved=109 errors=2239 current=lib/api.js
[2026-04-19T02:25:26Z] [iter=8] HEARTBEAT target_type=call_site elapsed_min=134.6 files_done=265 resolved=109 errors=2252 current=tests/lib/rules/use-isnan.js
[2026-04-19T02:25:57Z] [iter=8] HEARTBEAT target_type=call_site elapsed_min=135.1 files_done=268 resolved=109 errors=2261 current=tests/lib/rules/linebreak-style.js
[2026-04-19T02:26:46Z] [iter=8] HEARTBEAT target_type=call_site elapsed_min=135.9 files_done=276 resolved=109 errors=2275 current=tests/lib/rules/grouped-accessor-pairs.js
[2026-04-19T02:27:59Z] [iter=8] HEARTBEAT target_type=call_site elapsed_min=137.1 files_done=280 resolved=109 errors=2296 current=tests/lib/rules/no-this-before-super.js
[2026-04-19T02:28:45Z] [iter=8] HEARTBEAT target_type=call_site elapsed_min=137.9 files_done=287 resolved=118 errors=2309 current=lib/rules/no-buffer-constructor.js
[2026-04-19T02:29:17Z] [iter=8] HEARTBEAT target_type=call_site elapsed_min=138.4 files_done=291 resolved=118 errors=2318 current=tests/lib/rules/arrow-body-style.js
[2026-04-19T02:29:55Z] [iter=8] HEARTBEAT target_type=call_site elapsed_min=139.1 files_done=296 resolved=118 errors=2329 current=tests/fixtures/files/foo.js
[2026-04-19T02:30:40Z] [iter=8] HEARTBEAT target_type=call_site elapsed_min=139.8 files_done=300 resolved=118 errors=2342 current=tests/lib/rules/no-var.js
[2026-04-19T02:31:15Z] [iter=8] HEARTBEAT target_type=call_site elapsed_min=140.4 files_done=304 resolved=118 errors=2352 current=tests/lib/rules/comma-spacing.js
[2026-04-19T02:31:47Z] [iter=8] HEARTBEAT target_type=call_site elapsed_min=140.9 files_done=312 resolved=119 errors=2361 current=tests/lib/rules/valid-jsdoc.js
[2026-04-19T02:32:39Z] [iter=8] HEARTBEAT target_type=call_site elapsed_min=141.8 files_done=322 resolved=119 errors=2376 current=tests/fixtures/testers/rule-tester/no-schema-violation.js
[2026-04-19T02:33:11Z] [iter=8] HEARTBEAT target_type=call_site elapsed_min=142.3 files_done=329 resolved=119 errors=2385 current=tests/fixtures/autofix/semicolon-conflicting-fixes.expected.js
[2026-04-19T02:33:49Z] [iter=8] HEARTBEAT target_type=call_site elapsed_min=143.0 files_done=336 resolved=121 errors=2396 current=lib/rules/no-return-assign.js
[2026-04-19T02:34:42Z] [iter=8] HEARTBEAT target_type=call_site elapsed_min=143.8 files_done=338 resolved=121 errors=2411 current=tests/lib/rules/no-path-concat.js
[2026-04-19T02:35:13Z] [iter=8] HEARTBEAT target_type=call_site elapsed_min=144.4 files_done=344 resolved=121 errors=2420 current=tests/fixtures/code-path-analysis/try--try-catch-3.js
[2026-04-19T02:35:45Z] [iter=8] HEARTBEAT target_type=call_site elapsed_min=144.9 files_done=352 resolved=124 errors=2429 current=tests/fixtures/utf8-bom.js
[2026-04-19T02:36:34Z] [iter=8] HEARTBEAT target_type=call_site elapsed_min=145.7 files_done=358 resolved=127 errors=2443 current=lib/rules/prefer-rest-params.js
[2026-04-19T02:37:12Z] [iter=8] HEARTBEAT target_type=call_site elapsed_min=146.3 files_done=360 resolved=127 errors=2454 current=tests/lib/rules/prefer-named-capture-group.js
[2026-04-19T02:38:12Z] [iter=8] HEARTBEAT target_type=call_site elapsed_min=147.3 files_done=364 resolved=128 errors=2471 current=tools/fuzzer-runner.js
[2026-04-19T02:38:43Z] [iter=8] HEARTBEAT target_type=call_site elapsed_min=147.9 files_done=366 resolved=128 errors=2480 current=tests/lib/rules/dot-location.js
[2026-04-19T02:39:22Z] [iter=8] HEARTBEAT target_type=call_site elapsed_min=148.5 files_done=373 resolved=128 errors=2491 current=tests/lib/rules/no-native-reassign.js
[2026-04-19T02:39:53Z] [iter=8] HEARTBEAT target_type=call_site elapsed_min=149.0 files_done=380 resolved=129 errors=2500 current=lib/rules/no-constructor-return.js
[2026-04-19T02:40:25Z] [iter=8] HEARTBEAT target_type=call_site elapsed_min=149.6 files_done=385 resolved=129 errors=2509 current=tests/lib/rules/no-tabs.js
[2026-04-19T02:40:59Z] [iter=8] HEARTBEAT target_type=call_site elapsed_min=150.1 files_done=391 resolved=129 errors=2519 current=tests/lib/rules/no-extend-native.js
[2026-04-19T02:41:31Z] [iter=8] HEARTBEAT target_type=call_site elapsed_min=150.7 files_done=397 resolved=130 errors=2528 current=tests/fixtures/code-path-analysis/for--break-simple-no-update.js
[2026-04-19T02:42:31Z] [iter=8] HEARTBEAT target_type=call_site elapsed_min=151.7 files_done=407 resolved=132 errors=2545 current=tests/fixtures/formatters/broken.js
[2026-04-19T02:43:02Z] [iter=8] HEARTBEAT target_type=call_site elapsed_min=152.2 files_done=423 resolved=134 errors=2554 current=lib/rules/no-restricted-syntax.js
[2026-04-19T02:43:48Z] [iter=8] HEARTBEAT target_type=call_site elapsed_min=152.9 files_done=428 resolved=136 errors=2567 current=tests/fixtures/code-path-analysis/block-and-break-3.js
[2026-04-19T02:44:19Z] [iter=8] HEARTBEAT target_type=call_site elapsed_min=153.5 files_done=439 resolved=136 errors=2576 current=tests/fixtures/parsers/linter-test-parsers.js
[2026-04-19T02:44:51Z] [iter=8] HEARTBEAT target_type=call_site elapsed_min=154.0 files_done=451 resolved=137 errors=2585 current=tests/lib/rules/func-call-spacing.js
[2026-04-19T02:45:29Z] [iter=8] HEARTBEAT target_type=call_site elapsed_min=154.6 files_done=460 resolved=137 errors=2596 current=tests/fixtures/code-path-analysis/switch--cases-2.js
[2026-04-19T02:46:23Z] [iter=8] HEARTBEAT target_type=call_site elapsed_min=155.5 files_done=472 resolved=139 errors=2611 current=tests/lib/rules/no-useless-catch.js
[2026-04-19T02:47:02Z] [iter=8] HEARTBEAT target_type=call_site elapsed_min=156.2 files_done=483 resolved=140 errors=2622 current=tests/lib/rules/no-confusing-arrow.js
[2026-04-19T02:47:35Z] [iter=8] HEARTBEAT target_type=call_site elapsed_min=156.7 files_done=492 resolved=140 errors=2631 current=lib/rules/no-new-symbol.js
[2026-04-19T02:48:03Z] [iter=8] CHECKPOINT TRIGGERED elapsed_min=157.2 files_completed=798 new_files_this_iter=500 mem_mb=1667 MB
[2026-04-19T02:48:03Z] [iter=8] Writing partial enrichment graph path=/home/runner/work/forx/forx/storage/aggregate/lsp/db40376637554d10d7b648588338fd796407885e.nq.gz triples=152360
[2026-04-19T02:48:06Z] [iter=8] Checkpoint written, exiting with code 7
[2026-04-19T02:48:06Z] [iter=8] PHASE END: enrich (checkpointed) elapsed_s=9432 elapsed_min=157.2 files_completed=798
