[2026-04-18T19:58:48Z] === ENRICH ITERATION 7 START | repo=eslint/eslint sha=db403766 ===
[2026-04-18T19:58:48Z] [iter=7] PHASE START: enrich repo=eslint/eslint sha=db403766 runlog=/home/runner/work/forx/forx/storage/aggregate/lsp/logs/db403766-enrich-iter-007.log output=/home/runner/work/forx/forx/storage/aggregate/lsp/db40376637554d10d7b648588338fd796407885e.nq.gz
[2026-04-18T19:59:34Z] [iter=7] Step 1: Loading AST into disk-backed store mem_mb=78 MB
[2026-04-18T20:01:01Z] [iter=7] AST store loaded triples=8615566 load_secs=83 mem_mb=1056 MB
[2026-04-18T20:01:01Z] [iter=7] Step 2: Finding LSP targets mem_mb=1056 MB
[2026-04-18T20:01:04Z] [iter=7] LSP targets found call_sites=39555 imports=0 extends=7 implements=0 secs=3
[2026-04-18T20:01:08Z] [iter=7] Loaded checkpoint partial graph triples=111499
[2026-04-18T20:01:09Z] [iter=7] Step 2.7: Building position index (one-shot, shared across resolvers) mem_mb=1056 MB
[2026-04-18T20:02:00Z] [iter=7] Position index built positions=626508 nodes_with_types=675466 secs=51 mem_mb=1498 MB
[2026-04-18T20:02:00Z] [iter=7] Step 3: Starting LSP resolution mem_mb=1498 MB already_completed_types=[] already_completed_files=112
[2026-04-18T20:02:00Z] [iter=7] Resolving target type target_type=call_site count=39555
[2026-04-18T20:02:00Z] [iter=7] HEARTBEAT target_type=call_site elapsed_min=3.2 files_done=0 resolved=0 errors=0 current=lib/rules/no-useless-escape.js
[2026-04-18T20:03:21Z] [iter=7] HEARTBEAT target_type=call_site elapsed_min=4.6 files_done=1 resolved=0 errors=24 current=tests/lib/rules/function-call-argument-newline.js
[2026-04-18T20:09:52Z] [iter=7] HEARTBEAT target_type=call_site elapsed_min=11.1 files_done=3 resolved=0 errors=141 current=lib/rules/block-spacing.js
[2026-04-18T20:10:55Z] [iter=7] HEARTBEAT target_type=call_site elapsed_min=12.1 files_done=4 resolved=0 errors=160 current=lib/rules/consistent-this.js
[2026-04-18T20:11:49Z] [iter=7] HEARTBEAT target_type=call_site elapsed_min=13.0 files_done=5 resolved=0 errors=176 current=lib/rules/no-restricted-properties.js
[2026-04-18T20:12:59Z] [iter=7] HEARTBEAT target_type=call_site elapsed_min=14.2 files_done=6 resolved=0 errors=197 current=lib/rules/use-isnan.js
[2026-04-18T20:13:42Z] [iter=7] HEARTBEAT target_type=call_site elapsed_min=14.9 files_done=7 resolved=1 errors=210 current=lib/rules/camelcase.js
[2026-04-18T20:15:42Z] [iter=7] HEARTBEAT target_type=call_site elapsed_min=16.9 files_done=8 resolved=1 errors=246 current=lib/rules/no-misleading-character-class.js
[2026-04-18T20:17:09Z] [iter=7] HEARTBEAT target_type=call_site elapsed_min=18.4 files_done=9 resolved=2 errors=272 current=tests/lib/rules/lines-around-comment.js
[2026-04-18T20:18:53Z] [iter=7] HEARTBEAT target_type=call_site elapsed_min=20.1 files_done=10 resolved=2 errors=303 current=tests/lib/rules/no-trailing-spaces.js
[2026-04-18T20:20:29Z] [iter=7] HEARTBEAT target_type=call_site elapsed_min=21.7 files_done=12 resolved=2 errors=332 current=tests/lib/rules/no-use-before-define.js
[2026-04-18T20:21:46Z] [iter=7] HEARTBEAT target_type=call_site elapsed_min=23.0 files_done=14 resolved=2 errors=355 current=lib/rules/arrow-body-style.js
[2026-04-18T20:24:49Z] [iter=7] HEARTBEAT target_type=call_site elapsed_min=26.0 files_done=15 resolved=2 errors=410 current=lib/rules/multiline-comment-style.js
[2026-04-18T20:30:52Z] [iter=7] HEARTBEAT target_type=call_site elapsed_min=32.1 files_done=16 resolved=2 errors=515 current=lib/linter/timing.js
[2026-04-18T20:31:55Z] [iter=7] HEARTBEAT target_type=call_site elapsed_min=33.1 files_done=17 resolved=9 errors=533 current=lib/rules/array-callback-return.js
[2026-04-18T20:32:52Z] [iter=7] HEARTBEAT target_type=call_site elapsed_min=34.1 files_done=18 resolved=9 errors=550 current=lib/rules/brace-style.js
[2026-04-18T20:35:25Z] [iter=7] HEARTBEAT target_type=call_site elapsed_min=36.6 files_done=19 resolved=9 errors=596 current=tests/lib/init/autoconfig.js
[2026-04-18T20:41:34Z] [iter=7] HEARTBEAT target_type=call_site elapsed_min=42.8 files_done=20 resolved=23 errors=706 current=lib/rules/no-magic-numbers.js
[2026-04-18T20:42:21Z] [iter=7] HEARTBEAT target_type=call_site elapsed_min=43.6 files_done=21 resolved=25 errors=720 current=tests/lib/rules/object-curly-spacing.js
[2026-04-18T20:43:18Z] [iter=7] HEARTBEAT target_type=call_site elapsed_min=44.5 files_done=23 resolved=27 errors=737 current=lib/rules/lines-between-class-members.js
[2026-04-18T20:44:32Z] [iter=7] HEARTBEAT target_type=call_site elapsed_min=45.7 files_done=24 resolved=27 errors=759 current=tests/lib/rules/space-before-function-paren.js
[2026-04-18T20:55:23Z] [iter=7] HEARTBEAT target_type=call_site elapsed_min=56.6 files_done=26 resolved=28 errors=953 current=lib/linter/linter.js
[2026-04-18T21:08:13Z] [iter=7] HEARTBEAT target_type=call_site elapsed_min=69.4 files_done=27 resolved=71 errors=1182 current=lib/rules/no-await-in-loop.js
[2026-04-18T21:11:04Z] [iter=7] HEARTBEAT target_type=call_site elapsed_min=72.3 files_done=29 resolved=71 errors=1233 current=tests/tools/eslint-fuzzer.js
[2026-04-18T21:14:23Z] [iter=7] HEARTBEAT target_type=call_site elapsed_min=75.6 files_done=30 resolved=76 errors=1292 current=lib/shared/runtime-info.js
[2026-04-18T21:15:53Z] [iter=7] HEARTBEAT target_type=call_site elapsed_min=77.1 files_done=31 resolved=78 errors=1319 current=lib/rules/no-extra-semi.js
[2026-04-18T21:16:37Z] [iter=7] HEARTBEAT target_type=call_site elapsed_min=77.8 files_done=32 resolved=78 errors=1332 current=tests/fixtures/code-path-analysis/logical--if-or-4.js
[2026-04-18T21:17:31Z] [iter=7] HEARTBEAT target_type=call_site elapsed_min=78.7 files_done=35 resolved=79 errors=1348 current=lib/rules/switch-colon-spacing.js
[2026-04-18T21:18:28Z] [iter=7] HEARTBEAT target_type=call_site elapsed_min=79.7 files_done=36 resolved=79 errors=1365 current=tests/lib/linter/config-comment-parser.js
[2026-04-18T21:20:02Z] [iter=7] HEARTBEAT target_type=call_site elapsed_min=81.2 files_done=37 resolved=79 errors=1393 current=lib/rules/no-duplicate-imports.js
[2026-04-18T21:22:06Z] [iter=7] HEARTBEAT target_type=call_site elapsed_min=83.3 files_done=38 resolved=79 errors=1430 current=tests/lib/rules/no-multi-assign.js
[2026-04-18T21:23:23Z] [iter=7] HEARTBEAT target_type=call_site elapsed_min=84.6 files_done=39 resolved=79 errors=1453 current=lib/rules/prefer-spread.js
[2026-04-18T21:23:53Z] [iter=7] HEARTBEAT target_type=call_site elapsed_min=85.1 files_done=40 resolved=79 errors=1462 current=lib/rules/no-loop-func.js
[2026-04-18T21:24:30Z] [iter=7] HEARTBEAT target_type=call_site elapsed_min=85.7 files_done=41 resolved=80 errors=1473 current=tests/lib/rules/vars-on-top.js
[2026-04-18T21:32:01Z] [iter=7] HEARTBEAT target_type=call_site elapsed_min=93.2 files_done=43 resolved=85 errors=1607 current=lib/rules/callback-return.js
[2026-04-18T21:32:44Z] [iter=7] HEARTBEAT target_type=call_site elapsed_min=93.9 files_done=44 resolved=85 errors=1620 current=lib/rules/utils/lazy-loading-rule-map.js
[2026-04-18T21:36:36Z] [iter=7] HEARTBEAT target_type=call_site elapsed_min=97.8 files_done=46 resolved=95 errors=1689 current=tests/lib/rules/one-var-declaration-per-line.js
[2026-04-18T21:37:30Z] [iter=7] HEARTBEAT target_type=call_site elapsed_min=98.7 files_done=47 resolved=95 errors=1705 current=lib/rules/object-curly-newline.js
[2026-04-18T21:39:24Z] [iter=7] HEARTBEAT target_type=call_site elapsed_min=100.6 files_done=48 resolved=99 errors=1739 current=lib/rules/padding-line-between-statements.js
[2026-04-18T21:44:00Z] [iter=7] HEARTBEAT target_type=call_site elapsed_min=105.2 files_done=49 resolved=109 errors=1821 current=lib/init/source-code-utils.js
[2026-04-18T21:44:36Z] [iter=7] HEARTBEAT target_type=call_site elapsed_min=105.8 files_done=50 resolved=112 errors=1832 current=lib/linter/code-path-analysis/debug-helpers.js
[2026-04-18T21:45:30Z] [iter=7] HEARTBEAT target_type=call_site elapsed_min=106.7 files_done=51 resolved=114 errors=1848 current=lib/linter/config-comment-parser.js
[2026-04-18T21:46:27Z] [iter=7] HEARTBEAT target_type=call_site elapsed_min=107.7 files_done=52 resolved=115 errors=1865 current=tests/lib/cli-engine/formatters/compact.js
[2026-04-18T21:47:14Z] [iter=7] HEARTBEAT target_type=call_site elapsed_min=108.4 files_done=53 resolved=115 errors=1879 current=tests/fixtures/rules/indent/indent-invalid-fixture-1.js
[2026-04-18T21:51:00Z] [iter=7] HEARTBEAT target_type=call_site elapsed_min=112.2 files_done=54 resolved=115 errors=1946 current=tests/lib/rules/template-tag-spacing.js
[2026-04-18T21:51:47Z] [iter=7] HEARTBEAT target_type=call_site elapsed_min=113.0 files_done=56 resolved=117 errors=1960 current=tests/lib/rules/line-comment-position.js
[2026-04-18T21:53:54Z] [iter=7] HEARTBEAT target_type=call_site elapsed_min=115.1 files_done=59 resolved=117 errors=1998 current=tools/code-sample-minimizer.js
[2026-04-18T21:56:53Z] [iter=7] HEARTBEAT target_type=call_site elapsed_min=118.1 files_done=60 resolved=119 errors=2051 current=lib/linter/code-path-analysis/code-path.js
[2026-04-18T21:57:26Z] [iter=7] HEARTBEAT target_type=call_site elapsed_min=118.6 files_done=61 resolved=121 errors=2061 current=lib/rules/class-methods-use-this.js
[2026-04-18T21:58:07Z] [iter=7] HEARTBEAT target_type=call_site elapsed_min=119.3 files_done=62 resolved=122 errors=2073 current=lib/rules/comma-dangle.js
[2026-04-18T21:59:51Z] [iter=7] HEARTBEAT target_type=call_site elapsed_min=121.1 files_done=63 resolved=123 errors=2104 current=lib/rules/no-this-before-super.js
[2026-04-18T22:01:02Z] [iter=7] HEARTBEAT target_type=call_site elapsed_min=122.2 files_done=64 resolved=127 errors=2125 current=tests/lib/rules/no-prototype-builtins.js
[2026-04-18T22:02:57Z] [iter=7] HEARTBEAT target_type=call_site elapsed_min=124.2 files_done=66 resolved=128 errors=2159 current=lib/rules/generator-star-spacing.js
[2026-04-18T22:04:04Z] [iter=7] HEARTBEAT target_type=call_site elapsed_min=125.3 files_done=67 resolved=129 errors=2179 current=tests/lib/rules/no-new-object.js
[2026-04-18T22:04:44Z] [iter=7] HEARTBEAT target_type=call_site elapsed_min=125.9 files_done=70 resolved=129 errors=2191 current=lib/rules/no-fallthrough.js
[2026-04-18T22:05:31Z] [iter=7] HEARTBEAT target_type=call_site elapsed_min=126.7 files_done=71 resolved=130 errors=2205 current=lib/rules/unicode-bom.js
[2026-04-18T22:07:16Z] [iter=7] HEARTBEAT target_type=call_site elapsed_min=128.5 files_done=73 resolved=130 errors=2236 current=lib/cli-engine/formatters/stylish.js
[2026-04-18T22:08:29Z] [iter=7] HEARTBEAT target_type=call_site elapsed_min=129.7 files_done=74 resolved=130 errors=2258 current=lib/rules/no-promise-executor-return.js
[2026-04-18T22:09:00Z] [iter=7] HEARTBEAT target_type=call_site elapsed_min=130.2 files_done=75 resolved=130 errors=2267 current=tests/lib/rules/prefer-promise-reject-errors.js
[2026-04-18T22:12:56Z] [iter=7] HEARTBEAT target_type=call_site elapsed_min=134.1 files_done=77 resolved=134 errors=2337 current=lib/rules/prefer-destructuring.js
[2026-04-18T22:14:00Z] [iter=7] HEARTBEAT target_type=call_site elapsed_min=135.2 files_done=78 resolved=135 errors=2356 current=tests/lib/rules/quotes.js
[2026-04-18T22:16:18Z] [iter=7] HEARTBEAT target_type=call_site elapsed_min=137.5 files_done=80 resolved=135 errors=2397 current=tests/lib/rules/newline-per-chained-call.js
[2026-04-18T22:17:32Z] [iter=7] HEARTBEAT target_type=call_site elapsed_min=138.7 files_done=82 resolved=135 errors=2419 current=tests/lib/cli-engine/formatters/checkstyle.js
[2026-04-18T22:18:25Z] [iter=7] HEARTBEAT target_type=call_site elapsed_min=139.6 files_done=83 resolved=135 errors=2435 current=lib/rules/computed-property-spacing.js
[2026-04-18T22:19:56Z] [iter=7] HEARTBEAT target_type=call_site elapsed_min=141.1 files_done=84 resolved=135 errors=2462 current=lib/rules/max-lines-per-function.js
[2026-04-18T22:20:57Z] [iter=7] HEARTBEAT target_type=call_site elapsed_min=142.2 files_done=85 resolved=135 errors=2480 current=lib/rules/dot-location.js
[2026-04-18T22:21:48Z] [iter=7] HEARTBEAT target_type=call_site elapsed_min=143.0 files_done=86 resolved=135 errors=2495 current=lib/rules/no-import-assign.js
[2026-04-18T22:22:45Z] [iter=7] HEARTBEAT target_type=call_site elapsed_min=144.0 files_done=87 resolved=135 errors=2512 current=lib/rules/no-undef-init.js
[2026-04-18T22:23:15Z] [iter=7] HEARTBEAT target_type=call_site elapsed_min=144.5 files_done=89 resolved=135 errors=2521 current=lib/rules/prefer-const.js
[2026-04-18T22:25:53Z] [iter=7] HEARTBEAT target_type=call_site elapsed_min=147.1 files_done=90 resolved=135 errors=2568 current=tests/lib/rules/no-multiple-empty-lines.js
[2026-04-18T22:27:20Z] [iter=7] HEARTBEAT target_type=call_site elapsed_min=148.5 files_done=91 resolved=135 errors=2594 current=lib/rules/key-spacing.js
[2026-04-18T22:30:36Z] [iter=7] HEARTBEAT target_type=call_site elapsed_min=151.8 files_done=92 resolved=139 errors=2652 current=lib/source-code/token-store/index.js
[2026-04-18T22:33:38Z] [iter=7] HEARTBEAT target_type=call_site elapsed_min=154.8 files_done=93 resolved=143 errors=2706 current=lib/linter/interpolate.js
[2026-04-18T22:35:27Z] [iter=7] HEARTBEAT target_type=call_site elapsed_min=156.6 files_done=96 resolved=146 errors=2738 current=bin/eslint.js
[2026-04-18T22:41:19Z] [iter=7] HEARTBEAT target_type=call_site elapsed_min=162.5 files_done=99 resolved=149 errors=2842 current=lib/rules/id-blacklist.js
[2026-04-18T22:42:17Z] [iter=7] HEARTBEAT target_type=call_site elapsed_min=163.5 files_done=100 resolved=149 errors=2859 current=tests/lib/rules/new-cap.js
[2026-04-18T22:44:27Z] [iter=7] HEARTBEAT target_type=call_site elapsed_min=165.7 files_done=102 resolved=151 errors=2897 current=lib/rules/no-restricted-globals.js
[2026-04-18T22:44:58Z] [iter=7] HEARTBEAT target_type=call_site elapsed_min=166.2 files_done=103 resolved=152 errors=2906 current=lib/rules/arrow-parens.js
[2026-04-18T22:46:12Z] [iter=7] HEARTBEAT target_type=call_site elapsed_min=167.4 files_done=104 resolved=152 errors=2928 current=lib/rules/space-in-parens.js
[2026-04-18T22:48:52Z] [iter=7] HEARTBEAT target_type=call_site elapsed_min=170.1 files_done=105 resolved=152 errors=2975 current=lib/rules/no-empty-function.js
[2026-04-18T22:50:17Z] [iter=7] HEARTBEAT target_type=call_site elapsed_min=171.5 files_done=107 resolved=156 errors=3000 current=tests/lib/rules/no-unsafe-finally.js
[2026-04-18T22:53:19Z] [iter=7] HEARTBEAT target_type=call_site elapsed_min=174.5 files_done=109 resolved=158 errors=3054 current=lib/rules/function-call-argument-newline.js
[2026-04-18T22:54:10Z] [iter=7] HEARTBEAT target_type=call_site elapsed_min=175.4 files_done=110 resolved=158 errors=3069 current=tests/lib/rules/no-useless-call.js
[2026-04-18T22:55:18Z] [iter=7] HEARTBEAT target_type=call_site elapsed_min=176.5 files_done=113 resolved=159 errors=3089 current=tests/lib/rules/no-catch-shadow.js
[2026-04-18T22:56:38Z] [iter=7] HEARTBEAT target_type=call_site elapsed_min=177.8 files_done=115 resolved=161 errors=3113 current=tests/lib/rules/no-useless-computed-key.js
[2026-04-18T22:57:35Z] [iter=7] HEARTBEAT target_type=call_site elapsed_min=178.8 files_done=117 resolved=162 errors=3130 current=lib/rules/space-before-function-paren.js
[2026-04-18T22:58:29Z] [iter=7] HEARTBEAT target_type=call_site elapsed_min=179.7 files_done=118 resolved=162 errors=3146 current=lib/source-code/token-store/filter-cursor.js
[2026-04-18T23:00:29Z] [iter=7] HEARTBEAT target_type=call_site elapsed_min=181.7 files_done=121 resolved=162 errors=3182 current=tests/lib/rules/no-promise-executor-return.js
[2026-04-18T23:02:16Z] [iter=7] HEARTBEAT target_type=call_site elapsed_min=183.5 files_done=122 resolved=162 errors=3214 current=tests/conf/eslint-all.js
[2026-04-18T23:03:53Z] [iter=7] HEARTBEAT target_type=call_site elapsed_min=185.1 files_done=124 resolved=165 errors=3243 current=tests/lib/rules/nonblock-statement-body-position.js
[2026-04-18T23:12:09Z] [iter=7] HEARTBEAT target_type=call_site elapsed_min=193.4 files_done=126 resolved=165 errors=3390 current=tests/fixtures/testers/rule-tester/messageId.js
[2026-04-18T23:14:43Z] [iter=7] HEARTBEAT target_type=call_site elapsed_min=195.9 files_done=128 resolved=166 errors=3436 current=lib/rules/no-warning-comments.js
[2026-04-18T23:15:36Z] [iter=7] HEARTBEAT target_type=call_site elapsed_min=196.8 files_done=129 resolved=166 errors=3452 current=lib/rules/template-tag-spacing.js
[2026-04-18T23:16:17Z] [iter=7] HEARTBEAT target_type=call_site elapsed_min=197.5 files_done=130 resolved=166 errors=3464 current=tests/fixtures/globals-webextensions.js
[2026-04-18T23:18:34Z] [iter=7] HEARTBEAT target_type=call_site elapsed_min=199.8 files_done=132 resolved=168 errors=3505 current=tests/lib/shared/traverser.js
[2026-04-18T23:19:04Z] [iter=7] HEARTBEAT target_type=call_site elapsed_min=200.3 files_done=133 resolved=169 errors=3514 current=lib/rules/no-unmodified-loop-condition.js
[2026-04-18T23:20:58Z] [iter=7] HEARTBEAT target_type=call_site elapsed_min=202.2 files_done=134 resolved=170 errors=3548 current=lib/rules/no-extra-bind.js
[2026-04-18T23:21:52Z] [iter=7] HEARTBEAT target_type=call_site elapsed_min=203.1 files_done=135 resolved=170 errors=3564 current=lib/shared/config-validator.js
[2026-04-18T23:24:26Z] [iter=7] HEARTBEAT target_type=call_site elapsed_min=205.6 files_done=136 resolved=187 errors=3610 current=lib/rules/no-regex-spaces.js
[2026-04-18T23:25:27Z] [iter=7] HEARTBEAT target_type=call_site elapsed_min=206.6 files_done=137 resolved=187 errors=3628 current=lib/rules/no-nonoctal-decimal-escape.js
[2026-04-18T23:26:38Z] [iter=7] HEARTBEAT target_type=call_site elapsed_min=207.8 files_done=138 resolved=187 errors=3649 current=lib/rules/func-call-spacing.js
[2026-04-18T23:28:02Z] [iter=7] HEARTBEAT target_type=call_site elapsed_min=209.2 files_done=139 resolved=187 errors=3674 current=lib/rules/no-implied-eval.js
[2026-04-18T23:28:59Z] [iter=7] HEARTBEAT target_type=call_site elapsed_min=210.2 files_done=140 resolved=188 errors=3691 current=tests/lib/rules/comma-dangle.js
[2026-04-18T23:29:32Z] [iter=7] HEARTBEAT target_type=call_site elapsed_min=210.7 files_done=141 resolved=188 errors=3701 current=tests/lib/cli-engine/formatters/unix.js
[2026-04-18T23:30:19Z] [iter=7] HEARTBEAT target_type=call_site elapsed_min=211.5 files_done=142 resolved=188 errors=3715 current=tests/lib/rules/no-new.js
[2026-04-18T23:33:27Z] [iter=7] HEARTBEAT target_type=call_site elapsed_min=214.6 files_done=144 resolved=190 errors=3771 current=tests/lib/rules/eqeqeq.js
[2026-04-18T23:34:40Z] [iter=7] HEARTBEAT target_type=call_site elapsed_min=215.9 files_done=146 resolved=196 errors=3793 current=tests/lib/cli-engine/formatters/stylish.js
[2026-04-18T23:39:02Z] [iter=7] HEARTBEAT target_type=call_site elapsed_min=220.2 files_done=147 resolved=197 errors=3871 current=tests/lib/cli-engine/load-rules.js
[2026-04-18T23:39:53Z] [iter=7] HEARTBEAT target_type=call_site elapsed_min=221.1 files_done=149 resolved=197 errors=3886 current=tests/lib/rules/no-restricted-properties.js
[2026-04-18T23:41:10Z] [iter=7] HEARTBEAT target_type=call_site elapsed_min=222.4 files_done=154 resolved=197 errors=3909 current=tests/fixtures/code-path-analysis/block-and-break-4.js
[2026-04-18T23:42:41Z] [iter=7] HEARTBEAT target_type=call_site elapsed_min=223.9 files_done=156 resolved=209 errors=3936 current=lib/shared/traverser.js
[2026-04-18T23:43:24Z] [iter=7] HEARTBEAT target_type=call_site elapsed_min=224.6 files_done=157 resolved=210 errors=3949 current=lib/rules/object-property-newline.js
[2026-04-18T23:43:58Z] [iter=7] HEARTBEAT target_type=call_site elapsed_min=225.2 files_done=158 resolved=210 errors=3959 current=lib/rules/no-lonely-if.js
[2026-04-18T23:44:55Z] [iter=7] HEARTBEAT target_type=call_site elapsed_min=226.1 files_done=159 resolved=210 errors=3976 current=lib/rules/no-shadow-restricted-names.js
[2026-04-18T23:45:25Z] [iter=7] HEARTBEAT target_type=call_site elapsed_min=226.6 files_done=161 resolved=211 errors=3985 current=lib/source-code/token-store/cursors.js
[2026-04-18T23:47:06Z] [iter=7] HEARTBEAT target_type=call_site elapsed_min=228.3 files_done=163 resolved=212 errors=4015 current=tests/lib/rules/prefer-regex-literals.js
[2026-04-18T23:47:40Z] [iter=7] HEARTBEAT target_type=call_site elapsed_min=228.9 files_done=166 resolved=213 errors=4025 current=lib/rules/no-implicit-coercion.js
[2026-04-18T23:50:24Z] [iter=7] HEARTBEAT target_type=call_site elapsed_min=231.6 files_done=167 resolved=213 errors=4074 current=tests/lib/rules/no-undefined.js
[2026-04-18T23:51:11Z] [iter=7] HEARTBEAT target_type=call_site elapsed_min=232.4 files_done=172 resolved=218 errors=4088 current=tests/lib/rules/no-case-declarations.js
[2026-04-18T23:52:42Z] [iter=7] HEARTBEAT target_type=call_site elapsed_min=233.9 files_done=178 resolved=246 errors=4115 current=lib/rules/no-proto.js
[2026-04-18T23:54:10Z] [iter=7] HEARTBEAT target_type=call_site elapsed_min=235.4 files_done=181 resolved=246 errors=4141 current=tests/fixtures/processors/pattern-processor.js
[2026-04-18T23:54:40Z] [iter=7] HEARTBEAT target_type=call_site elapsed_min=235.9 files_done=182 resolved=246 errors=4150 current=lib/init/config-file.js
[2026-04-18T23:55:31Z] [iter=7] HEARTBEAT target_type=call_site elapsed_min=236.7 files_done=183 resolved=246 errors=4165 current=lib/rules/no-extend-native.js
[2026-04-18T23:56:21Z] [iter=7] HEARTBEAT target_type=call_site elapsed_min=237.6 files_done=184 resolved=250 errors=4180 current=lib/rules/object-curly-spacing.js
[2026-04-18T23:58:43Z] [iter=7] HEARTBEAT target_type=call_site elapsed_min=239.9 files_done=185 resolved=250 errors=4222 current=lib/rules/no-empty.js
[2026-04-18T23:58:59Z] [iter=7] CHECKPOINT TRIGGERED elapsed_min=240.2 files_completed=298 new_files_this_iter=186 mem_mb=1534 MB
[2026-04-18T23:58:59Z] [iter=7] Writing partial enrichment graph path=/home/runner/work/forx/forx/storage/aggregate/lsp/db40376637554d10d7b648588338fd796407885e.nq.gz triples=135774
[2026-04-18T23:59:02Z] [iter=7] Checkpoint written, exiting with code 7
[2026-04-18T23:59:02Z] [iter=7] PHASE END: enrich (checkpointed) elapsed_s=14412 elapsed_min=240.2 files_completed=298
