[2026-04-16T07:36:44Z] === ENRICH ITERATION 1 START | repo=eslint/eslint sha=f66890ba ===
[2026-04-16T07:36:44Z] [iter=1] PHASE START: enrich repo=eslint/eslint sha=f66890ba runlog=/home/runner/work/forx/forx/storage/aggregate/lsp/logs/f66890ba-enrich-iter-001.log output=/home/runner/work/forx/forx/storage/aggregate/lsp/f66890ba0f778e46b6dd6ab6e88d49ff0bf1f78b.nq.gz
[2026-04-16T07:37:32Z] [iter=1] Step 1: Loading AST into disk-backed store mem_mb=79 MB
[2026-04-16T07:39:03Z] [iter=1] AST store loaded triples=8842561 load_secs=88 mem_mb=1052 MB
[2026-04-16T07:39:03Z] [iter=1] Step 2: Finding LSP targets mem_mb=1052 MB
[2026-04-16T07:39:05Z] [iter=1] LSP targets found call_sites=40864 imports=0 extends=9 implements=0 secs=3
[2026-04-16T07:39:06Z] [iter=1] Step 2.7: Building position index (one-shot, shared across resolvers) mem_mb=1052 MB
[2026-04-16T07:39:54Z] [iter=1] Position index built positions=642546 nodes_with_types=692935 secs=48 mem_mb=1362 MB
[2026-04-16T07:39:54Z] [iter=1] Step 3: Starting LSP resolution mem_mb=1362 MB already_completed_types=[] already_completed_files=0
[2026-04-16T07:39:54Z] [iter=1] Resolving target type target_type=call_site count=40864
[2026-04-16T07:39:54Z] [iter=1] HEARTBEAT target_type=call_site elapsed_min=3.2 files_done=0 resolved=0 errors=0 current=tests/lib/eslint/eslint.js
[2026-04-16T09:23:34Z] [iter=1] HEARTBEAT target_type=call_site elapsed_min=106.8 files_done=1 resolved=71 errors=2112 current=tests/lib/cli.js
[2026-04-16T09:45:57Z] [iter=1] HEARTBEAT target_type=call_site elapsed_min=129.2 files_done=2 resolved=96 errors=2568 current=lib/rules/id-match.js
[2026-04-16T09:47:46Z] [iter=1] HEARTBEAT target_type=call_site elapsed_min=131.0 files_done=3 resolved=96 errors=2605 current=lib/rules/no-self-compare.js
[2026-04-16T11:18:33Z] [iter=1] HEARTBEAT target_type=call_site elapsed_min=221.8 files_done=5 resolved=234 errors=4452 current=lib/rules/no-unsafe-optional-chaining.js
[2026-04-16T11:20:10Z] [iter=1] HEARTBEAT target_type=call_site elapsed_min=223.4 files_done=6 resolved=234 errors=4485 current=lib/rules/no-underscore-dangle.js
[2026-04-16T11:21:13Z] [iter=1] HEARTBEAT target_type=call_site elapsed_min=224.5 files_done=7 resolved=234 errors=4506 current=lib/rules/multiline-comment-style.js
[2026-04-16T11:26:23Z] [iter=1] HEARTBEAT target_type=call_site elapsed_min=229.6 files_done=8 resolved=234 errors=4611 current=lib/linter/code-path-analysis/code-path-analyzer.js
[2026-04-16T11:32:31Z] [iter=1] HEARTBEAT target_type=call_site elapsed_min=235.8 files_done=9 resolved=238 errors=4736 current=tests/lib/rules/space-before-blocks.js
[2026-04-16T11:36:06Z] [iter=1] HEARTBEAT target_type=call_site elapsed_min=239.4 files_done=11 resolved=242 errors=4809 current=tests/lib/rules/curly.js
[2026-04-16T11:36:51Z] [iter=1] CHECKPOINT TRIGGERED elapsed_min=240.1 files_completed=14 new_files_this_iter=14 mem_mb=1390 MB
[2026-04-16T11:36:51Z] [iter=1] Writing partial enrichment graph path=/home/runner/work/forx/forx/storage/aggregate/lsp/f66890ba0f778e46b6dd6ab6e88d49ff0bf1f78b.nq.gz triples=22991
[2026-04-16T11:36:51Z] [iter=1] Checkpoint written, exiting with code 7
[2026-04-16T11:36:51Z] [iter=1] PHASE END: enrich (checkpointed) elapsed_s=14407 elapsed_min=240.1 files_completed=14
