[2026-04-17T04:57:20Z] === ENRICH ITERATION 6 START | repo=eslint/eslint sha=f66890ba ===
[2026-04-17T04:57:20Z] [iter=6] PHASE START: enrich repo=eslint/eslint sha=f66890ba runlog=/home/runner/work/forx/forx/storage/aggregate/lsp/logs/f66890ba-enrich-iter-006.log output=/home/runner/work/forx/forx/storage/aggregate/lsp/f66890ba0f778e46b6dd6ab6e88d49ff0bf1f78b.nq.gz
[2026-04-17T04:58:07Z] [iter=6] Step 1: Loading AST into disk-backed store mem_mb=78 MB
[2026-04-17T04:59:36Z] [iter=6] AST store loaded triples=8842561 load_secs=85 mem_mb=1053 MB
[2026-04-17T04:59:36Z] [iter=6] Step 2: Finding LSP targets mem_mb=1053 MB
[2026-04-17T04:59:39Z] [iter=6] LSP targets found call_sites=40864 imports=0 extends=9 implements=0 secs=3
[2026-04-17T04:59:42Z] [iter=6] Loaded checkpoint partial graph triples=86803
[2026-04-17T04:59:43Z] [iter=6] Step 2.7: Building position index (one-shot, shared across resolvers) mem_mb=1053 MB
[2026-04-17T05:00:37Z] [iter=6] Position index built positions=642546 nodes_with_types=692935 secs=54 mem_mb=1643 MB
[2026-04-17T05:00:37Z] [iter=6] Step 3: Starting LSP resolution mem_mb=1643 MB already_completed_types=[] already_completed_files=58
[2026-04-17T05:00:37Z] [iter=6] Resolving target type target_type=call_site count=40864
[2026-04-17T05:00:37Z] [iter=6] HEARTBEAT target_type=call_site elapsed_min=3.3 files_done=0 resolved=0 errors=0 current=tests/lib/linter/source-code-fixer.js
[2026-04-17T05:14:13Z] [iter=6] HEARTBEAT target_type=call_site elapsed_min=16.9 files_done=1 resolved=0 errors=233 current=tests/lib/rules/no-label-var.js
[2026-04-17T05:22:07Z] [iter=6] HEARTBEAT target_type=call_site elapsed_min=24.8 files_done=3 resolved=10 errors=368 current=lib/rules/consistent-return.js
[2026-04-17T05:22:53Z] [iter=6] HEARTBEAT target_type=call_site elapsed_min=25.6 files_done=4 resolved=11 errors=381 current=lib/rules/array-bracket-spacing.js
[2026-04-17T05:24:49Z] [iter=6] HEARTBEAT target_type=call_site elapsed_min=27.5 files_done=5 resolved=11 errors=414 current=lib/linter/code-path-analysis/code-path-segment.js
[2026-04-17T05:25:35Z] [iter=6] HEARTBEAT target_type=call_site elapsed_min=28.2 files_done=6 resolved=13 errors=427 current=Makefile.js
[2026-04-17T05:42:31Z] [iter=6] HEARTBEAT target_type=call_site elapsed_min=45.2 files_done=7 resolved=42 errors=717 current=lib/eslint/eslint.js
[2026-04-17T05:48:53Z] [iter=6] HEARTBEAT target_type=call_site elapsed_min=51.6 files_done=8 resolved=58 errors=826 current=tools/config-rule.js
[2026-04-17T05:50:42Z] [iter=6] HEARTBEAT target_type=call_site elapsed_min=53.4 files_done=9 resolved=68 errors=857 current=lib/rules/no-implicit-coercion.js
[2026-04-17T05:53:33Z] [iter=6] HEARTBEAT target_type=call_site elapsed_min=56.2 files_done=10 resolved=68 errors=906 current=lib/rules/no-ex-assign.js
[2026-04-17T05:54:22Z] [iter=6] HEARTBEAT target_type=call_site elapsed_min=57.0 files_done=12 resolved=68 errors=920 current=lib/rules/no-lonely-if.js
[2026-04-17T05:55:22Z] [iter=6] HEARTBEAT target_type=call_site elapsed_min=58.0 files_done=13 resolved=68 errors=937 current=lib/rules/object-curly-spacing.js
[2026-04-17T05:57:49Z] [iter=6] HEARTBEAT target_type=call_site elapsed_min=60.5 files_done=14 resolved=68 errors=979 current=tests/lib/rules/keyword-spacing.js
[2026-04-17T06:30:50Z] [iter=6] HEARTBEAT target_type=call_site elapsed_min=93.5 files_done=15 resolved=68 errors=1544 current=lib/rules/no-compare-neg-zero.js
[2026-04-17T06:32:56Z] [iter=6] HEARTBEAT target_type=call_site elapsed_min=95.6 files_done=17 resolved=68 errors=1580 current=lib/rules/no-alert.js
[2026-04-17T06:33:42Z] [iter=6] HEARTBEAT target_type=call_site elapsed_min=96.4 files_done=18 resolved=68 errors=1593 current=tests/lib/cli-engine/formatters/tap.js
[2026-04-17T06:36:41Z] [iter=6] HEARTBEAT target_type=call_site elapsed_min=99.4 files_done=19 resolved=68 errors=1644 current=lib/rules/valid-jsdoc.js
[2026-04-17T06:39:48Z] [iter=6] HEARTBEAT target_type=call_site elapsed_min=102.5 files_done=20 resolved=72 errors=1697 current=lib/rules/line-comment-position.js
[2026-04-17T06:40:23Z] [iter=6] HEARTBEAT target_type=call_site elapsed_min=103.0 files_done=21 resolved=73 errors=1707 current=lib/rules/default-param-last.js
[2026-04-17T06:44:01Z] [iter=6] HEARTBEAT target_type=call_site elapsed_min=106.7 files_done=23 resolved=73 errors=1769 current=lib/rules/sort-imports.js
[2026-04-17T06:45:43Z] [iter=6] HEARTBEAT target_type=call_site elapsed_min=108.4 files_done=24 resolved=74 errors=1798 current=tests/lib/rule-tester/rule-tester.js
[2026-04-17T07:07:11Z] [iter=6] HEARTBEAT target_type=call_site elapsed_min=129.9 files_done=25 resolved=81 errors=2164 current=tests/lib/rules/no-useless-backreference.js
[2026-04-17T07:08:12Z] [iter=6] HEARTBEAT target_type=call_site elapsed_min=130.9 files_done=27 resolved=418 errors=2181 current=lib/rules/no-extra-label.js
[2026-04-17T07:09:25Z] [iter=6] HEARTBEAT target_type=call_site elapsed_min=132.1 files_done=29 resolved=418 errors=2202 current=lib/rules/spaced-comment.js
[2026-04-17T07:11:49Z] [iter=6] HEARTBEAT target_type=call_site elapsed_min=134.5 files_done=30 resolved=420 errors=2243 current=lib/linter/report-translator.js
[2026-04-17T07:13:13Z] [iter=6] HEARTBEAT target_type=call_site elapsed_min=135.9 files_done=31 resolved=430 errors=2267 current=lib/rules/quotes.js
[2026-04-17T07:14:31Z] [iter=6] HEARTBEAT target_type=call_site elapsed_min=137.2 files_done=32 resolved=433 errors=2289 current=lib/config/rule-validator.js
[2026-04-17T07:15:13Z] [iter=6] HEARTBEAT target_type=call_site elapsed_min=137.9 files_done=33 resolved=436 errors=2301 current=lib/rule-tester/flat-rule-tester.js
[2026-04-17T07:24:15Z] [iter=6] HEARTBEAT target_type=call_site elapsed_min=146.9 files_done=34 resolved=461 errors=2455 current=lib/rules/curly.js
[2026-04-17T07:27:51Z] [iter=6] HEARTBEAT target_type=call_site elapsed_min=150.5 files_done=35 resolved=462 errors=2516 current=tests/lib/rules/no-whitespace-before-property.js
[2026-04-17T07:30:23Z] [iter=6] HEARTBEAT target_type=call_site elapsed_min=153.1 files_done=38 resolved=462 errors=2559 current=lib/rules/arrow-spacing.js
[2026-04-17T07:31:12Z] [iter=6] HEARTBEAT target_type=call_site elapsed_min=153.9 files_done=39 resolved=463 errors=2573 current=lib/rules/strict.js
[2026-04-17T07:33:15Z] [iter=6] HEARTBEAT target_type=call_site elapsed_min=155.9 files_done=40 resolved=464 errors=2608 current=lib/rules/no-unused-vars.js
[2026-04-17T07:36:56Z] [iter=6] HEARTBEAT target_type=call_site elapsed_min=159.6 files_done=41 resolved=464 errors=2671 current=lib/rules/no-extra-parens.js
[2026-04-17T07:52:11Z] [iter=6] HEARTBEAT target_type=call_site elapsed_min=174.9 files_done=42 resolved=464 errors=2932 current=tests/lib/rules/wrap-iife.js
[2026-04-17T08:04:40Z] [iter=6] HEARTBEAT target_type=call_site elapsed_min=187.3 files_done=44 resolved=464 errors=3145 current=lib/rules/no-import-assign.js
[2026-04-17T08:05:39Z] [iter=6] HEARTBEAT target_type=call_site elapsed_min=188.3 files_done=45 resolved=464 errors=3162 current=lib/linter/source-code-fixer.js
[2026-04-17T08:06:43Z] [iter=6] HEARTBEAT target_type=call_site elapsed_min=189.4 files_done=46 resolved=469 errors=3180 current=tests/lib/rules/no-octal-escape.js
[2026-04-17T08:07:14Z] [iter=6] HEARTBEAT target_type=call_site elapsed_min=189.9 files_done=48 resolved=469 errors=3189 current=lib/config/flat-config-array.js
[2026-04-17T08:10:24Z] [iter=6] HEARTBEAT target_type=call_site elapsed_min=193.1 files_done=50 resolved=486 errors=3243 current=tests/lib/rules/no-misleading-character-class.js
[2026-04-17T08:13:27Z] [iter=6] HEARTBEAT target_type=call_site elapsed_min=196.1 files_done=56 resolved=515 errors=3295 current=tools/eslint-fuzzer.js
[2026-04-17T08:14:59Z] [iter=6] HEARTBEAT target_type=call_site elapsed_min=197.6 files_done=57 resolved=521 errors=3321 current=tests/fixtures/fix-types/fix-both-semi-and-prefer-arrow-callback.js
[2026-04-17T08:19:02Z] [iter=6] HEARTBEAT target_type=call_site elapsed_min=201.7 files_done=59 resolved=525 errors=3390 current=lib/rules/index.js
[2026-04-17T08:27:00Z] [iter=6] HEARTBEAT target_type=call_site elapsed_min=209.7 files_done=62 resolved=526 errors=3526 current=tests/lib/rules/no-sync.js
[2026-04-17T08:32:23Z] [iter=6] HEARTBEAT target_type=call_site elapsed_min=215.1 files_done=64 resolved=527 errors=3618 current=lib/cli-engine/cli-engine.js
[2026-04-17T08:39:35Z] [iter=6] HEARTBEAT target_type=call_site elapsed_min=222.3 files_done=65 resolved=541 errors=3741 current=tests/lib/rules/no-unused-private-class-members.js
[2026-04-17T08:40:49Z] [iter=6] HEARTBEAT target_type=call_site elapsed_min=223.5 files_done=66 resolved=541 errors=3762 current=tests/lib/rules/key-spacing.js
[2026-04-17T08:41:25Z] [iter=6] HEARTBEAT target_type=call_site elapsed_min=224.1 files_done=70 resolved=542 errors=3772 current=lib/linter/code-path-analysis/code-path.js
[2026-04-17T08:42:00Z] [iter=6] HEARTBEAT target_type=call_site elapsed_min=224.7 files_done=71 resolved=544 errors=3782 current=tests/lib/rules/no-multiple-empty-lines.js
[2026-04-17T08:43:31Z] [iter=6] HEARTBEAT target_type=call_site elapsed_min=226.2 files_done=72 resolved=544 errors=3808 current=tests/lib/linter/rule-fixer.js
[2026-04-17T08:44:55Z] [iter=6] HEARTBEAT target_type=call_site elapsed_min=227.6 files_done=73 resolved=544 errors=3832 current=lib/rules/object-curly-newline.js
[2026-04-17T08:46:54Z] [iter=6] HEARTBEAT target_type=call_site elapsed_min=229.6 files_done=74 resolved=548 errors=3866 current=tests/lib/rules/no-constant-condition.js
[2026-04-17T08:51:00Z] [iter=6] HEARTBEAT target_type=call_site elapsed_min=233.7 files_done=76 resolved=551 errors=3936 current=lib/rules/id-blacklist.js
[2026-04-17T08:52:00Z] [iter=6] HEARTBEAT target_type=call_site elapsed_min=234.7 files_done=77 resolved=551 errors=3953 current=lib/cli-engine/formatters/html.js
[2026-04-17T08:53:21Z] [iter=6] HEARTBEAT target_type=call_site elapsed_min=236.0 files_done=78 resolved=551 errors=3976 current=tests/lib/rules/id-denylist.js
[2026-04-17T08:57:53Z] [iter=6] CHECKPOINT TRIGGERED elapsed_min=240.6 files_completed=139 new_files_this_iter=81 mem_mb=1678 MB
[2026-04-17T08:57:53Z] [iter=6] Writing partial enrichment graph path=/home/runner/work/forx/forx/storage/aggregate/lsp/f66890ba0f778e46b6dd6ab6e88d49ff0bf1f78b.nq.gz triples=122445
[2026-04-17T08:57:55Z] [iter=6] Checkpoint written, exiting with code 7
[2026-04-17T08:57:55Z] [iter=6] PHASE END: enrich (checkpointed) elapsed_s=14433 elapsed_min=240.6 files_completed=139
