[2026-04-17T09:12:07Z] === ENRICH ITERATION 7 START | repo=eslint/eslint sha=f66890ba ===
[2026-04-17T09:12:07Z] [iter=7] PHASE START: enrich repo=eslint/eslint sha=f66890ba runlog=/home/runner/work/forx/forx/storage/aggregate/lsp/logs/f66890ba-enrich-iter-007.log output=/home/runner/work/forx/forx/storage/aggregate/lsp/f66890ba0f778e46b6dd6ab6e88d49ff0bf1f78b.nq.gz
[2026-04-17T09:13:21Z] [iter=7] Step 1: Loading AST into disk-backed store mem_mb=78 MB
[2026-04-17T09:14:49Z] [iter=7] AST store loaded triples=8842561 load_secs=85 mem_mb=1045 MB
[2026-04-17T09:14:49Z] [iter=7] Step 2: Finding LSP targets mem_mb=1045 MB
[2026-04-17T09:14:52Z] [iter=7] LSP targets found call_sites=40864 imports=0 extends=9 implements=0 secs=3
[2026-04-17T09:14:57Z] [iter=7] Loaded checkpoint partial graph triples=122445
[2026-04-17T09:14:58Z] [iter=7] Step 2.7: Building position index (one-shot, shared across resolvers) mem_mb=1045 MB
[2026-04-17T09:15:52Z] [iter=7] Position index built positions=642546 nodes_with_types=692935 secs=54 mem_mb=1633 MB
[2026-04-17T09:15:52Z] [iter=7] Step 3: Starting LSP resolution mem_mb=1633 MB already_completed_types=[] already_completed_files=139
[2026-04-17T09:15:52Z] [iter=7] Resolving target type target_type=call_site count=40864
[2026-04-17T09:15:53Z] [iter=7] HEARTBEAT target_type=call_site elapsed_min=3.8 files_done=0 resolved=0 errors=0 current=lib/rules/indent-legacy.js
[2026-04-17T09:23:39Z] [iter=7] HEARTBEAT target_type=call_site elapsed_min=11.5 files_done=1 resolved=1 errors=133 current=lib/source-code/token-store/cursors.js
[2026-04-17T09:27:37Z] [iter=7] HEARTBEAT target_type=call_site elapsed_min=15.5 files_done=3 resolved=1 errors=201 current=tests/lib/shared/runtime-info.js
[2026-04-17T09:30:03Z] [iter=7] HEARTBEAT target_type=call_site elapsed_min=17.9 files_done=4 resolved=1 errors=243 current=lib/rules/lines-around-directive.js
[2026-04-17T09:31:27Z] [iter=7] HEARTBEAT target_type=call_site elapsed_min=19.3 files_done=5 resolved=1 errors=267 current=lib/rules/prefer-named-capture-group.js
[2026-04-17T09:32:05Z] [iter=7] HEARTBEAT target_type=call_site elapsed_min=20.0 files_done=6 resolved=1 errors=278 current=lib/rules/lines-between-class-members.js
[2026-04-17T09:33:21Z] [iter=7] HEARTBEAT target_type=call_site elapsed_min=21.2 files_done=7 resolved=1 errors=300 current=tests/lib/cli-engine/formatters/junit.js
[2026-04-17T09:35:16Z] [iter=7] HEARTBEAT target_type=call_site elapsed_min=23.2 files_done=8 resolved=1 errors=333 current=tests/fixtures/formatters/test/simple.js
[2026-04-17T09:38:31Z] [iter=7] HEARTBEAT target_type=call_site elapsed_min=26.4 files_done=10 resolved=5 errors=389 current=lib/rules/dot-notation.js
[2026-04-17T09:39:54Z] [iter=7] HEARTBEAT target_type=call_site elapsed_min=27.8 files_done=11 resolved=9 errors=413 current=lib/rules/operator-linebreak.js
[2026-04-17T09:41:52Z] [iter=7] HEARTBEAT target_type=call_site elapsed_min=29.8 files_done=12 resolved=10 errors=447 current=lib/rules/lines-around-comment.js
[2026-04-17T09:45:59Z] [iter=7] HEARTBEAT target_type=call_site elapsed_min=33.9 files_done=13 resolved=11 errors=518 current=tests/lib/rules/eqeqeq.js
[2026-04-17T09:49:54Z] [iter=7] HEARTBEAT target_type=call_site elapsed_min=37.8 files_done=15 resolved=12 errors=586 current=lib/cli-engine/formatters/stylish.js
[2026-04-17T09:51:11Z] [iter=7] HEARTBEAT target_type=call_site elapsed_min=39.1 files_done=16 resolved=12 errors=608 current=lib/rules/function-call-argument-newline.js
[2026-04-17T09:52:03Z] [iter=7] HEARTBEAT target_type=call_site elapsed_min=39.9 files_done=17 resolved=12 errors=623 current=tests/lib/options.js
[2026-04-17T09:59:44Z] [iter=7] HEARTBEAT target_type=call_site elapsed_min=47.6 files_done=18 resolved=12 errors=756 current=tests/lib/rules/max-lines-per-function.js
[2026-04-17T10:00:15Z] [iter=7] HEARTBEAT target_type=call_site elapsed_min=48.1 files_done=20 resolved=12 errors=765 current=lib/cli-engine/xml-escape.js
[2026-04-17T10:01:11Z] [iter=7] HEARTBEAT target_type=call_site elapsed_min=49.1 files_done=22 resolved=12 errors=781 current=lib/rules/new-cap.js
[2026-04-17T10:02:34Z] [iter=7] HEARTBEAT target_type=call_site elapsed_min=50.5 files_done=23 resolved=15 errors=805 current=karma.conf.js
[2026-04-17T10:03:13Z] [iter=7] HEARTBEAT target_type=call_site elapsed_min=51.1 files_done=25 resolved=16 errors=816 current=tests/lib/cli-engine/formatters/checkstyle.js
[2026-04-17T10:04:08Z] [iter=7] HEARTBEAT target_type=call_site elapsed_min=52.0 files_done=26 resolved=16 errors=832 current=lib/rules/no-regex-spaces.js
[2026-04-17T10:05:11Z] [iter=7] HEARTBEAT target_type=call_site elapsed_min=53.1 files_done=27 resolved=16 errors=850 current=lib/rules/no-constant-condition.js
[2026-04-17T10:07:16Z] [iter=7] HEARTBEAT target_type=call_site elapsed_min=55.1 files_done=28 resolved=16 errors=886 current=tests/fixtures/rules/indent/indent-valid-fixture-1.js
[2026-04-17T10:11:09Z] [iter=7] HEARTBEAT target_type=call_site elapsed_min=59.0 files_done=29 resolved=16 errors=953 current=tests/lib/rules/no-octal.js
[2026-04-17T10:12:01Z] [iter=7] HEARTBEAT target_type=call_site elapsed_min=59.9 files_done=33 resolved=16 errors=968 current=lib/shared/traverser.js
[2026-04-17T10:12:46Z] [iter=7] HEARTBEAT target_type=call_site elapsed_min=60.7 files_done=34 resolved=17 errors=981 current=lib/rules/array-bracket-newline.js
[2026-04-17T10:14:27Z] [iter=7] HEARTBEAT target_type=call_site elapsed_min=62.3 files_done=35 resolved=18 errors=1010 current=lib/rules/one-var.js
[2026-04-17T10:18:00Z] [iter=7] HEARTBEAT target_type=call_site elapsed_min=65.9 files_done=36 resolved=21 errors=1071 current=tests/lib/rules/sort-vars.js
[2026-04-17T10:20:12Z] [iter=7] HEARTBEAT target_type=call_site elapsed_min=68.1 files_done=38 resolved=21 errors=1109 current=lib/rules/key-spacing.js
[2026-04-17T10:23:34Z] [iter=7] HEARTBEAT target_type=call_site elapsed_min=71.4 files_done=39 resolved=25 errors=1167 current=tests/lib/cli-engine/formatters/html.js
[2026-04-17T10:32:00Z] [iter=7] HEARTBEAT target_type=call_site elapsed_min=79.9 files_done=40 resolved=25 errors=1313 current=tests/lib/linter/safe-emitter.js
[2026-04-17T10:33:03Z] [iter=7] HEARTBEAT target_type=call_site elapsed_min=80.9 files_done=41 resolved=25 errors=1331 current=tests/lib/rules/handle-callback-err.js
[2026-04-17T10:37:38Z] [iter=7] HEARTBEAT target_type=call_site elapsed_min=85.5 files_done=43 resolved=26 errors=1410 current=lib/rules/no-multiple-empty-lines.js
[2026-04-17T10:38:27Z] [iter=7] HEARTBEAT target_type=call_site elapsed_min=86.3 files_done=44 resolved=26 errors=1424 current=lib/rules/generator-star-spacing.js
[2026-04-17T10:39:36Z] [iter=7] HEARTBEAT target_type=call_site elapsed_min=87.5 files_done=45 resolved=27 errors=1444 current=lib/config/flat-config-schema.js
[2026-04-17T10:41:10Z] [iter=7] HEARTBEAT target_type=call_site elapsed_min=89.0 files_done=46 resolved=39 errors=1471 current=lib/rules/no-unneeded-ternary.js
[2026-04-17T10:42:58Z] [iter=7] HEARTBEAT target_type=call_site elapsed_min=90.9 files_done=47 resolved=40 errors=1502 current=lib/rules/func-call-spacing.js
[2026-04-17T10:44:26Z] [iter=7] HEARTBEAT target_type=call_site elapsed_min=92.3 files_done=48 resolved=40 errors=1527 current=lib/rules/space-before-function-paren.js
[2026-04-17T10:45:21Z] [iter=7] HEARTBEAT target_type=call_site elapsed_min=93.2 files_done=49 resolved=40 errors=1543 current=tests/lib/rules/no-promise-executor-return.js
[2026-04-17T10:47:13Z] [iter=7] HEARTBEAT target_type=call_site elapsed_min=95.1 files_done=50 resolved=40 errors=1575 current=tests/lib/rules/no-nonoctal-decimal-escape.js
[2026-04-17T10:50:22Z] [iter=7] HEARTBEAT target_type=call_site elapsed_min=98.3 files_done=51 resolved=40 errors=1629 current=lib/rules/max-depth.js
[2026-04-17T10:52:18Z] [iter=7] HEARTBEAT target_type=call_site elapsed_min=100.2 files_done=53 resolved=42 errors=1662 current=lib/rules/sort-keys.js
[2026-04-17T10:53:07Z] [iter=7] HEARTBEAT target_type=call_site elapsed_min=101.0 files_done=54 resolved=42 errors=1676 current=lib/rules/brace-style.js
[2026-04-17T10:55:46Z] [iter=7] HEARTBEAT target_type=call_site elapsed_min=103.7 files_done=55 resolved=42 errors=1722 current=lib/rules/no-restricted-imports.js
[2026-04-17T10:57:34Z] [iter=7] HEARTBEAT target_type=call_site elapsed_min=105.5 files_done=56 resolved=47 errors=1753 current=tests/lib/linter/code-path-analysis/code-path.js
[2026-04-17T11:00:21Z] [iter=7] HEARTBEAT target_type=call_site elapsed_min=108.2 files_done=57 resolved=47 errors=1801 current=tests/lib/rules/one-var-declaration-per-line.js
[2026-04-17T11:01:16Z] [iter=7] HEARTBEAT target_type=call_site elapsed_min=109.2 files_done=58 resolved=47 errors=1817 current=tests/lib/rules/no-unsafe-negation.js
[2026-04-17T11:04:27Z] [iter=7] HEARTBEAT target_type=call_site elapsed_min=112.3 files_done=60 resolved=49 errors=1872 current=tests/lib/rules/space-before-function-paren.js
[2026-04-17T11:07:04Z] [iter=7] HEARTBEAT target_type=call_site elapsed_min=115.0 files_done=62 resolved=51 errors=1917 current=lib/linter/code-path-analysis/fork-context.js
[2026-04-17T11:08:21Z] [iter=7] HEARTBEAT target_type=call_site elapsed_min=116.2 files_done=63 resolved=51 errors=1939 current=lib/linter/node-event-generator.js
[2026-04-17T11:11:25Z] [iter=7] HEARTBEAT target_type=call_site elapsed_min=119.3 files_done=64 resolved=51 errors=1992 current=tests/lib/rules/operator-linebreak.js
[2026-04-17T11:12:18Z] [iter=7] HEARTBEAT target_type=call_site elapsed_min=120.2 files_done=66 resolved=51 errors=2007 current=lib/rules/require-jsdoc.js
[2026-04-17T11:14:48Z] [iter=7] HEARTBEAT target_type=call_site elapsed_min=122.7 files_done=68 resolved=52 errors=2050 current=tests/lib/rules/sort-imports.js
[2026-04-17T11:16:12Z] [iter=7] HEARTBEAT target_type=call_site elapsed_min=124.1 files_done=71 resolved=52 errors=2074 current=lib/linter/timing.js
[2026-04-17T11:17:15Z] [iter=7] HEARTBEAT target_type=call_site elapsed_min=125.1 files_done=72 resolved=59 errors=2092 current=lib/rules/no-restricted-exports.js
[2026-04-17T11:17:57Z] [iter=7] HEARTBEAT target_type=call_site elapsed_min=125.8 files_done=73 resolved=59 errors=2104 current=lib/rules/padded-blocks.js
[2026-04-17T11:19:38Z] [iter=7] HEARTBEAT target_type=call_site elapsed_min=127.5 files_done=74 resolved=66 errors=2133 current=lib/rules/template-curly-spacing.js
[2026-04-17T11:20:47Z] [iter=7] HEARTBEAT target_type=call_site elapsed_min=128.7 files_done=75 resolved=66 errors=2153 current=lib/rules/operator-assignment.js
[2026-04-17T11:22:56Z] [iter=7] HEARTBEAT target_type=call_site elapsed_min=130.8 files_done=76 resolved=66 errors=2190 current=tests/lib/linter/rules.js
[2026-04-17T11:24:27Z] [iter=7] HEARTBEAT target_type=call_site elapsed_min=132.3 files_done=77 resolved=66 errors=2216 current=tests/lib/rules/no-unreachable-loop.js
[2026-04-17T11:25:01Z] [iter=7] HEARTBEAT target_type=call_site elapsed_min=132.9 files_done=78 resolved=68 errors=2226 current=lib/rules/max-lines.js
[2026-04-17T11:26:01Z] [iter=7] HEARTBEAT target_type=call_site elapsed_min=133.9 files_done=79 resolved=71 errors=2243 current=lib/rules/template-tag-spacing.js
[2026-04-17T11:26:42Z] [iter=7] HEARTBEAT target_type=call_site elapsed_min=134.6 files_done=80 resolved=71 errors=2255 current=lib/shared/runtime-info.js
[2026-04-17T11:28:16Z] [iter=7] HEARTBEAT target_type=call_site elapsed_min=136.2 files_done=81 resolved=73 errors=2282 current=lib/linter/rules.js
[2026-04-17T11:28:51Z] [iter=7] HEARTBEAT target_type=call_site elapsed_min=136.7 files_done=83 resolved=83 errors=2292 current=tests/lib/rules/space-infix-ops.js
[2026-04-17T11:29:43Z] [iter=7] HEARTBEAT target_type=call_site elapsed_min=137.6 files_done=85 resolved=83 errors=2307 current=tests/lib/rules/no-unused-vars.js
[2026-04-17T11:37:00Z] [iter=7] HEARTBEAT target_type=call_site elapsed_min=144.9 files_done=86 resolved=83 errors=2432 current=tests/lib/rules/no-empty.js
[2026-04-17T11:38:06Z] [iter=7] HEARTBEAT target_type=call_site elapsed_min=146.0 files_done=88 resolved=83 errors=2451 current=lib/rules/prefer-object-spread.js
[2026-04-17T11:41:07Z] [iter=7] HEARTBEAT target_type=call_site elapsed_min=149.0 files_done=89 resolved=84 errors=2503 current=lib/rules/no-loss-of-precision.js
[2026-04-17T11:43:41Z] [iter=7] HEARTBEAT target_type=call_site elapsed_min=151.6 files_done=90 resolved=85 errors=2547 current=tests/lib/rules/indent-legacy.js
[2026-04-17T11:50:56Z] [iter=7] HEARTBEAT target_type=call_site elapsed_min=158.8 files_done=91 resolved=88 errors=2672 current=tests/fixtures/fixture-parser.js
[2026-04-17T11:51:59Z] [iter=7] HEARTBEAT target_type=call_site elapsed_min=159.9 files_done=93 resolved=89 errors=2690 current=tests/lib/rules/no-restricted-globals.js
[2026-04-17T11:53:05Z] [iter=7] HEARTBEAT target_type=call_site elapsed_min=161.0 files_done=98 resolved=89 errors=2709 current=tests/fixtures/cache/src/fail-file.js
[2026-04-17T11:54:28Z] [iter=7] HEARTBEAT target_type=call_site elapsed_min=162.4 files_done=101 resolved=90 errors=2733 current=lib/rules/newline-after-var.js
[2026-04-17T11:56:06Z] [iter=7] HEARTBEAT target_type=call_site elapsed_min=164.0 files_done=102 resolved=90 errors=2761 current=tests/lib/rules/no-extra-bind.js
[2026-04-17T11:56:47Z] [iter=7] HEARTBEAT target_type=call_site elapsed_min=164.7 files_done=104 resolved=90 errors=2773 current=tests/fixtures/configurations/parser/custom.js
[2026-04-17T11:58:31Z] [iter=7] HEARTBEAT target_type=call_site elapsed_min=166.4 files_done=106 resolved=90 errors=2803 current=tests/fixtures/parsers/linter-test-parsers.js
[2026-04-17T11:59:30Z] [iter=7] HEARTBEAT target_type=call_site elapsed_min=167.4 files_done=110 resolved=90 errors=2820 current=tests/lib/rules/implicit-arrow-linebreak.js
[2026-04-17T12:00:57Z] [iter=7] HEARTBEAT target_type=call_site elapsed_min=168.8 files_done=111 resolved=90 errors=2845 current=tools/update-readme.js
[2026-04-17T12:02:20Z] [iter=7] HEARTBEAT target_type=call_site elapsed_min=170.2 files_done=112 resolved=94 errors=2869 current=tests/lib/cli-engine/formatters/json.js
[2026-04-17T12:05:52Z] [iter=7] HEARTBEAT target_type=call_site elapsed_min=173.8 files_done=115 resolved=95 errors=2930 current=lib/rules/no-setter-return.js
[2026-04-17T12:06:51Z] [iter=7] HEARTBEAT target_type=call_site elapsed_min=174.7 files_done=116 resolved=95 errors=2947 current=lib/shared/relative-module-resolver.js
[2026-04-17T12:08:32Z] [iter=7] HEARTBEAT target_type=call_site elapsed_min=176.4 files_done=118 resolved=95 errors=2976 current=lib/rules/comma-style.js
[2026-04-17T12:11:08Z] [iter=7] HEARTBEAT target_type=call_site elapsed_min=179.0 files_done=119 resolved=97 errors=3021 current=tests/lib/rules/comma-style.js
[2026-04-17T12:14:15Z] [iter=7] HEARTBEAT target_type=call_site elapsed_min=182.1 files_done=122 resolved=100 errors=3075 current=lib/rules/id-denylist.js
[2026-04-17T12:15:11Z] [iter=7] HEARTBEAT target_type=call_site elapsed_min=183.1 files_done=123 resolved=100 errors=3091 current=lib/rules/no-useless-escape.js
[2026-04-17T12:16:34Z] [iter=7] HEARTBEAT target_type=call_site elapsed_min=184.5 files_done=124 resolved=104 errors=3115 current=tests/fixtures/code-path-analysis/block-and-break-2.js
[2026-04-17T12:17:57Z] [iter=7] HEARTBEAT target_type=call_site elapsed_min=185.8 files_done=126 resolved=107 errors=3139 current=tests/lib/rules/utils/fix-tracker.js
[2026-04-17T12:18:52Z] [iter=7] HEARTBEAT target_type=call_site elapsed_min=186.8 files_done=127 resolved=107 errors=3155 current=tests/lib/linter/config-comment-parser.js
[2026-04-17T12:20:29Z] [iter=7] HEARTBEAT target_type=call_site elapsed_min=188.4 files_done=128 resolved=107 errors=3183 current=tests/fixtures/code-path-analysis/logical--if-or-2.js
[2026-04-17T12:21:08Z] [iter=7] HEARTBEAT target_type=call_site elapsed_min=189.0 files_done=130 resolved=108 errors=3194 current=lib/linter/config-comment-parser.js
[2026-04-17T12:22:06Z] [iter=7] HEARTBEAT target_type=call_site elapsed_min=190.0 files_done=131 resolved=109 errors=3211 current=lib/rules/no-sequences.js
[2026-04-17T12:22:48Z] [iter=7] HEARTBEAT target_type=call_site elapsed_min=190.7 files_done=132 resolved=110 errors=3223 current=tests/lib/rules/prefer-spread.js
[2026-04-17T12:23:26Z] [iter=7] HEARTBEAT target_type=call_site elapsed_min=191.3 files_done=135 resolved=110 errors=3234 current=lib/config/flat-config-helpers.js
[2026-04-17T12:25:52Z] [iter=7] HEARTBEAT target_type=call_site elapsed_min=193.8 files_done=137 resolved=111 errors=3276 current=lib/rules/prefer-numeric-literals.js
[2026-04-17T12:26:48Z] [iter=7] HEARTBEAT target_type=call_site elapsed_min=194.7 files_done=138 resolved=112 errors=3292 current=tests/lib/rules/no-var.js
[2026-04-17T12:27:36Z] [iter=7] HEARTBEAT target_type=call_site elapsed_min=195.5 files_done=140 resolved=113 errors=3306 current=lib/rules/no-inline-comments.js
[2026-04-17T12:28:18Z] [iter=7] HEARTBEAT target_type=call_site elapsed_min=196.2 files_done=141 resolved=115 errors=3318 current=tests/fixtures/code-path-analysis/for-in--continue-label.js
[2026-04-17T12:31:19Z] [iter=7] HEARTBEAT target_type=call_site elapsed_min=199.2 files_done=147 resolved=116 errors=3370 current=tests/lib/rules/no-dupe-args.js
[2026-04-17T12:32:11Z] [iter=7] HEARTBEAT target_type=call_site elapsed_min=200.1 files_done=149 resolved=118 errors=3385 current=tests/fixtures/code-path-analysis/logical--if-or-5.js
[2026-04-17T12:34:26Z] [iter=7] HEARTBEAT target_type=call_site elapsed_min=202.3 files_done=153 resolved=125 errors=3424 current=tests/lib/rules/no-floating-decimal.js
[2026-04-17T12:35:11Z] [iter=7] HEARTBEAT target_type=call_site elapsed_min=203.1 files_done=155 resolved=127 errors=3437 current=tests/lib/shared/traverser.js
[2026-04-17T12:35:42Z] [iter=7] HEARTBEAT target_type=call_site elapsed_min=203.6 files_done=156 resolved=128 errors=3446 current=tests/lib/rules/object-curly-spacing.js
[2026-04-17T12:37:06Z] [iter=7] HEARTBEAT target_type=call_site elapsed_min=205.0 files_done=159 resolved=128 errors=3470 current=tests/lib/rules/prefer-object-spread.js
[2026-04-17T12:39:39Z] [iter=7] HEARTBEAT target_type=call_site elapsed_min=207.5 files_done=161 resolved=130 errors=3514 current=lib/rules/no-template-curly-in-string.js
[2026-04-17T12:44:30Z] [iter=7] HEARTBEAT target_type=call_site elapsed_min=212.4 files_done=163 resolved=140 errors=3598 current=lib/cli-engine/formatters/tap.js
[2026-04-17T12:45:54Z] [iter=7] HEARTBEAT target_type=call_site elapsed_min=213.8 files_done=165 resolved=141 errors=3622 current=tests/fixtures/module-not-found/node_modules/eslint-config-throw.js
[2026-04-17T12:47:55Z] [iter=7] HEARTBEAT target_type=call_site elapsed_min=215.8 files_done=167 resolved=142 errors=3657 current=lib/rules/arrow-parens.js
[2026-04-17T12:49:11Z] [iter=7] HEARTBEAT target_type=call_site elapsed_min=217.1 files_done=168 resolved=142 errors=3679 current=tests/lib/rules/id-match.js
[2026-04-17T12:50:07Z] [iter=7] HEARTBEAT target_type=call_site elapsed_min=218.0 files_done=171 resolved=144 errors=3695 current=tests/lib/rules/nonblock-statement-body-position.js
[2026-04-17T12:51:30Z] [iter=7] HEARTBEAT target_type=call_site elapsed_min=219.4 files_done=174 resolved=146 errors=3719 current=tests/_utils/index.js
[2026-04-17T12:52:19Z] [iter=7] HEARTBEAT target_type=call_site elapsed_min=220.2 files_done=175 resolved=149 errors=3733 current=tests/lib/rules/no-invalid-regexp.js
[2026-04-17T12:53:07Z] [iter=7] HEARTBEAT target_type=call_site elapsed_min=221.0 files_done=177 resolved=157 errors=3747 current=lib/rules/max-statements-per-line.js
[2026-04-17T12:53:56Z] [iter=7] HEARTBEAT target_type=call_site elapsed_min=221.8 files_done=180 resolved=157 errors=3761 current=tests/lib/rules/no-unneeded-ternary.js
[2026-04-17T12:54:41Z] [iter=7] HEARTBEAT target_type=call_site elapsed_min=222.6 files_done=183 resolved=158 errors=3774 current=lib/rules/eqeqeq.js
[2026-04-17T12:55:36Z] [iter=7] HEARTBEAT target_type=call_site elapsed_min=223.5 files_done=184 resolved=158 errors=3790 current=lib/rules/no-multi-spaces.js
[2026-04-17T12:56:18Z] [iter=7] HEARTBEAT target_type=call_site elapsed_min=224.2 files_done=185 resolved=161 errors=3802 current=lib/rules/no-lone-blocks.js
[2026-04-17T12:57:08Z] [iter=7] HEARTBEAT target_type=call_site elapsed_min=225.0 files_done=186 resolved=161 errors=3816 current=tests/lib/rules/no-ternary.js
[2026-04-17T12:57:53Z] [iter=7] HEARTBEAT target_type=call_site elapsed_min=225.8 files_done=193 resolved=161 errors=3829 current=tests/lib/rules/no-invalid-this.js
[2026-04-17T12:59:40Z] [iter=7] HEARTBEAT target_type=call_site elapsed_min=227.6 files_done=196 resolved=163 errors=3860 current=tests/lib/cli-engine/formatters/jslint-xml.js
[2026-04-17T13:00:29Z] [iter=7] HEARTBEAT target_type=call_site elapsed_min=228.4 files_done=197 resolved=163 errors=3874 current=lib/rules/prefer-arrow-callback.js
[2026-04-17T13:02:16Z] [iter=7] HEARTBEAT target_type=call_site elapsed_min=230.2 files_done=198 resolved=163 errors=3905 current=tests/lib/rules/no-mixed-requires.js
[2026-04-17T13:04:11Z] [iter=7] HEARTBEAT target_type=call_site elapsed_min=232.1 files_done=203 resolved=167 errors=3938 current=lib/rules/no-irregular-whitespace.js
[2026-04-17T13:05:38Z] [iter=7] HEARTBEAT target_type=call_site elapsed_min=233.5 files_done=204 resolved=168 errors=3963 current=lib/rules/no-labels.js
[2026-04-17T13:06:12Z] [iter=7] HEARTBEAT target_type=call_site elapsed_min=234.1 files_done=205 resolved=168 errors=3973 current=lib/rules/capitalized-comments.js
[2026-04-17T13:07:46Z] [iter=7] HEARTBEAT target_type=call_site elapsed_min=235.7 files_done=206 resolved=174 errors=4000 current=lib/rules/no-implied-eval.js
[2026-04-17T13:08:45Z] [iter=7] HEARTBEAT target_type=call_site elapsed_min=236.6 files_done=207 resolved=175 errors=4017 current=lib/rules/no-func-assign.js
[2026-04-17T13:12:23Z] [iter=7] CHECKPOINT TRIGGERED elapsed_min=240.3 files_completed=348 new_files_this_iter=209 mem_mb=1667 MB
[2026-04-17T13:12:23Z] [iter=7] Writing partial enrichment graph path=/home/runner/work/forx/forx/storage/aggregate/lsp/f66890ba0f778e46b6dd6ab6e88d49ff0bf1f78b.nq.gz triples=143938
[2026-04-17T13:12:26Z] [iter=7] Checkpoint written, exiting with code 7
[2026-04-17T13:12:26Z] [iter=7] PHASE END: enrich (checkpointed) elapsed_s=14416 elapsed_min=240.3 files_completed=348
