[2026-04-16T20:18:10Z] === ENRICH ITERATION 4 START | repo=eslint/eslint sha=f66890ba ===
[2026-04-16T20:18:10Z] [iter=4] PHASE START: enrich repo=eslint/eslint sha=f66890ba runlog=/home/runner/work/forx/forx/storage/aggregate/lsp/logs/f66890ba-enrich-iter-004.log output=/home/runner/work/forx/forx/storage/aggregate/lsp/f66890ba0f778e46b6dd6ab6e88d49ff0bf1f78b.nq.gz
[2026-04-16T20:18:55Z] [iter=4] Step 1: Loading AST into disk-backed store mem_mb=78 MB
[2026-04-16T20:20:23Z] [iter=4] AST store loaded triples=8842561 load_secs=85 mem_mb=970 MB
[2026-04-16T20:20:23Z] [iter=4] Step 2: Finding LSP targets mem_mb=970 MB
[2026-04-16T20:20:26Z] [iter=4] LSP targets found call_sites=40864 imports=0 extends=9 implements=0 secs=3
[2026-04-16T20:20:28Z] [iter=4] Loaded checkpoint partial graph triples=55281
[2026-04-16T20:20:29Z] [iter=4] Step 2.7: Building position index (one-shot, shared across resolvers) mem_mb=970 MB
[2026-04-16T20:21:14Z] [iter=4] Position index built positions=642546 nodes_with_types=692935 secs=45 mem_mb=1566 MB
[2026-04-16T20:21:14Z] [iter=4] Step 3: Starting LSP resolution mem_mb=1566 MB already_completed_types=[] already_completed_files=23
[2026-04-16T20:21:14Z] [iter=4] Resolving target type target_type=call_site count=40864
[2026-04-16T20:21:14Z] [iter=4] HEARTBEAT target_type=call_site elapsed_min=3.1 files_done=0 resolved=0 errors=0 current=tests/lib/rules/no-extra-parens.js
[2026-04-16T20:44:08Z] [iter=4] HEARTBEAT target_type=call_site elapsed_min=26.0 files_done=1 resolved=29 errors=390 current=tests/tools/eslint-fuzzer.js
[2026-04-16T20:47:35Z] [iter=4] HEARTBEAT target_type=call_site elapsed_min=29.4 files_done=2 resolved=34 errors=449 current=tests/lib/rules/utils/ast-utils.js
[2026-04-16T21:12:47Z] [iter=4] HEARTBEAT target_type=call_site elapsed_min=54.6 files_done=3 resolved=63 errors=877 current=tests/lib/source-code/source-code.js
[2026-04-16T21:54:34Z] [iter=4] HEARTBEAT target_type=call_site elapsed_min=96.4 files_done=4 resolved=63 errors=1589 current=tests/fixtures/rules/indent-legacy/indent-valid-fixture-1.js
[2026-04-16T21:58:34Z] [iter=4] HEARTBEAT target_type=call_site elapsed_min=100.4 files_done=5 resolved=63 errors=1656 current=tests/lib/rule-tester/flat-rule-tester.js
[2026-04-16T22:20:42Z] [iter=4] HEARTBEAT target_type=call_site elapsed_min=122.5 files_done=6 resolved=65 errors=2032 current=lib/cli.js
[2026-04-16T22:23:37Z] [iter=4] HEARTBEAT target_type=call_site elapsed_min=125.5 files_done=7 resolved=67 errors=2081 current=lib/rules/prefer-exponentiation-operator.js
[2026-04-16T22:25:20Z] [iter=4] HEARTBEAT target_type=call_site elapsed_min=127.2 files_done=8 resolved=67 errors=2110 current=tests/lib/rules/prefer-const.js
[2026-04-16T22:28:20Z] [iter=4] HEARTBEAT target_type=call_site elapsed_min=130.2 files_done=10 resolved=67 errors=2161 current=lib/rules/indent.js
[2026-04-16T22:49:45Z] [iter=4] HEARTBEAT target_type=call_site elapsed_min=151.6 files_done=11 resolved=73 errors=2525 current=lib/rules/no-useless-backreference.js
[2026-04-16T22:50:52Z] [iter=4] HEARTBEAT target_type=call_site elapsed_min=152.7 files_done=12 resolved=73 errors=2544 current=tests/bench/large.js
[2026-04-17T00:18:41Z] [iter=4] CHECKPOINT TRIGGERED elapsed_min=240.5 files_completed=35 new_files_this_iter=12 mem_mb=1591 MB
[2026-04-17T00:18:41Z] [iter=4] Writing partial enrichment graph path=/home/runner/work/forx/forx/storage/aggregate/lsp/f66890ba0f778e46b6dd6ab6e88d49ff0bf1f78b.nq.gz triples=73473
[2026-04-17T00:18:43Z] [iter=4] Checkpoint written, exiting with code 7
[2026-04-17T00:18:43Z] [iter=4] PHASE END: enrich (checkpointed) elapsed_s=14431 elapsed_min=240.5 files_completed=35
